Archive member included to satisfy reference by file (symbol)

c:/program files (x86)/atmel/studio/7.0/toolchain/arm/arm-gnu-toolchain/bin/../lib/gcc/arm-none-eabi/6.3.1/thumb/v7e-m\libgcc.a(_arm_addsubdf3.o)
                              src/main.o (__aeabi_dadd)
c:/program files (x86)/atmel/studio/7.0/toolchain/arm/arm-gnu-toolchain/bin/../lib/gcc/arm-none-eabi/6.3.1/thumb/v7e-m\libgcc.a(_arm_muldivdf3.o)
                              src/main.o (__aeabi_dmul)
c:/program files (x86)/atmel/studio/7.0/toolchain/arm/arm-gnu-toolchain/bin/../lib/gcc/arm-none-eabi/6.3.1/thumb/v7e-m\libgcc.a(_arm_cmpdf2.o)
                              src/main.o (__aeabi_dcmpeq)
c:/program files (x86)/atmel/studio/7.0/toolchain/arm/arm-gnu-toolchain/bin/../lib/gcc/arm-none-eabi/6.3.1/thumb/v7e-m\libgcc.a(_aeabi_uldivmod.o)
                              src/oled/ssd1306.o (__aeabi_uldivmod)
c:/program files (x86)/atmel/studio/7.0/toolchain/arm/arm-gnu-toolchain/bin/../lib/gcc/arm-none-eabi/6.3.1/thumb/v7e-m\libgcc.a(_fixunsdfdi.o)
                              src/main.o (__aeabi_d2ulz)
c:/program files (x86)/atmel/studio/7.0/toolchain/arm/arm-gnu-toolchain/bin/../lib/gcc/arm-none-eabi/6.3.1/thumb/v7e-m\libgcc.a(_udivmoddi4.o)
                              c:/program files (x86)/atmel/studio/7.0/toolchain/arm/arm-gnu-toolchain/bin/../lib/gcc/arm-none-eabi/6.3.1/thumb/v7e-m\libgcc.a(_aeabi_uldivmod.o) (__udivmoddi4)
c:/program files (x86)/atmel/studio/7.0/toolchain/arm/arm-gnu-toolchain/bin/../lib/gcc/arm-none-eabi/6.3.1/thumb/v7e-m\libgcc.a(_dvmd_tls.o)
                              c:/program files (x86)/atmel/studio/7.0/toolchain/arm/arm-gnu-toolchain/bin/../lib/gcc/arm-none-eabi/6.3.1/thumb/v7e-m\libgcc.a(_aeabi_uldivmod.o) (__aeabi_ldiv0)
c:/program files (x86)/atmel/studio/7.0/toolchain/arm/arm-gnu-toolchain/bin/../lib/gcc/arm-none-eabi/6.3.1/thumb/v7e-m\libgcc.a(_arm_fixunsdfsi.o)
                              c:/program files (x86)/atmel/studio/7.0/toolchain/arm/arm-gnu-toolchain/bin/../lib/gcc/arm-none-eabi/6.3.1/thumb/v7e-m\libgcc.a(_fixunsdfdi.o) (__aeabi_d2uiz)
c:/program files (x86)/atmel/studio/7.0/toolchain/arm/arm-gnu-toolchain/bin/../lib/gcc/arm-none-eabi/6.3.1/../../../../arm-none-eabi/lib/thumb/v7e-m\libc.a(lib_a-exit.o)
                              c:/program files (x86)/atmel/studio/7.0/toolchain/arm/arm-gnu-toolchain/bin/../lib/gcc/arm-none-eabi/6.3.1/../../../../arm-none-eabi/lib/thumb/v7e-m/crt0.o (exit)
c:/program files (x86)/atmel/studio/7.0/toolchain/arm/arm-gnu-toolchain/bin/../lib/gcc/arm-none-eabi/6.3.1/../../../../arm-none-eabi/lib/thumb/v7e-m\libc.a(lib_a-impure.o)
                              c:/program files (x86)/atmel/studio/7.0/toolchain/arm/arm-gnu-toolchain/bin/../lib/gcc/arm-none-eabi/6.3.1/../../../../arm-none-eabi/lib/thumb/v7e-m\libc.a(lib_a-exit.o) (_global_impure_ptr)
c:/program files (x86)/atmel/studio/7.0/toolchain/arm/arm-gnu-toolchain/bin/../lib/gcc/arm-none-eabi/6.3.1/../../../../arm-none-eabi/lib/thumb/v7e-m\libc.a(lib_a-init.o)
                              c:/program files (x86)/atmel/studio/7.0/toolchain/arm/arm-gnu-toolchain/bin/../lib/gcc/arm-none-eabi/6.3.1/../../../../arm-none-eabi/lib/thumb/v7e-m/crt0.o (__libc_init_array)
c:/program files (x86)/atmel/studio/7.0/toolchain/arm/arm-gnu-toolchain/bin/../lib/gcc/arm-none-eabi/6.3.1/../../../../arm-none-eabi/lib/thumb/v7e-m\libc.a(lib_a-memset.o)
                              c:/program files (x86)/atmel/studio/7.0/toolchain/arm/arm-gnu-toolchain/bin/../lib/gcc/arm-none-eabi/6.3.1/../../../../arm-none-eabi/lib/thumb/v7e-m/crt0.o (memset)
c:/program files (x86)/atmel/studio/7.0/toolchain/arm/arm-gnu-toolchain/bin/../lib/gcc/arm-none-eabi/6.3.1/../../../../arm-none-eabi/lib/thumb/v7e-m\libc.a(lib_a-__call_atexit.o)
                              c:/program files (x86)/atmel/studio/7.0/toolchain/arm/arm-gnu-toolchain/bin/../lib/gcc/arm-none-eabi/6.3.1/../../../../arm-none-eabi/lib/thumb/v7e-m\libc.a(lib_a-exit.o) (__call_exitprocs)
c:/program files (x86)/atmel/studio/7.0/toolchain/arm/arm-gnu-toolchain/bin/../lib/gcc/arm-none-eabi/6.3.1/../../../../arm-none-eabi/lib/thumb/v7e-m\libc.a(lib_a-atexit.o)
                              c:/program files (x86)/atmel/studio/7.0/toolchain/arm/arm-gnu-toolchain/bin/../lib/gcc/arm-none-eabi/6.3.1/../../../../arm-none-eabi/lib/thumb/v7e-m\libc.a(lib_a-__call_atexit.o) (atexit)
c:/program files (x86)/atmel/studio/7.0/toolchain/arm/arm-gnu-toolchain/bin/../lib/gcc/arm-none-eabi/6.3.1/../../../../arm-none-eabi/lib/thumb/v7e-m\libc.a(lib_a-fini.o)
                              c:/program files (x86)/atmel/studio/7.0/toolchain/arm/arm-gnu-toolchain/bin/../lib/gcc/arm-none-eabi/6.3.1/../../../../arm-none-eabi/lib/thumb/v7e-m\libc.a(lib_a-__call_atexit.o) (__libc_fini_array)
c:/program files (x86)/atmel/studio/7.0/toolchain/arm/arm-gnu-toolchain/bin/../lib/gcc/arm-none-eabi/6.3.1/../../../../arm-none-eabi/lib/thumb/v7e-m\libc.a(lib_a-lock.o)
[...]
Memory Configuration

Name             Origin             Length             Attributes
rom              0x00400000         0x00200000         xr
ram              0x20400000         0x00060000         xrw
*default*        0x00000000         0xffffffff

Linker script and memory map

LOAD c:/program files (x86)/atmel/studio/7.0/toolchain/arm/arm-gnu-toolchain/bin/../lib/gcc/arm-none-eabi/6.3.1/thumb/v7e-m/crti.o
LOAD c:/program files (x86)/atmel/studio/7.0/toolchain/arm/arm-gnu-toolchain/bin/../lib/gcc/arm-none-eabi/6.3.1/thumb/v7e-m/crtbegin.o
LOAD c:/program files (x86)/atmel/studio/7.0/toolchain/arm/arm-gnu-toolchain/bin/../lib/gcc/arm-none-eabi/6.3.1/../../../../arm-none-eabi/lib/thumb/v7e-m/crt0.o
LOAD src/ASF/sam/drivers/rtc/rtc.o
LOAD src/ASF/sam/drivers/rtt/rtt.o
LOAD src/ASF/sam/drivers/spi/spi.o
LOAD src/ASF/sam/drivers/tc/tc.o
LOAD src/oled/gfx_mono_framebuffer.o
LOAD src/oled/gfx_mono_generic.o
LOAD src/oled/gfx_mono_text.o
LOAD src/oled/gfx_mono_ug_2832hsweg04.o
LOAD src/oled/ssd1306.o
LOAD src/oled/sysfont.o
LOAD src/ASF/common/services/delay/sam/cycle_counter.o
LOAD src/ASF/common/services/clock/same70/sysclk.o
LOAD src/ASF/common/utils/interrupt/interrupt_sam_nvic.o
LOAD src/ASF/sam/boards/same70_xplained/init.o
LOAD src/ASF/sam/drivers/mpu/mpu.o
LOAD src/ASF/sam/drivers/pio/pio.o
LOAD src/ASF/sam/drivers/pio/pio_handler.o
LOAD src/ASF/sam/drivers/pmc/pmc.o
LOAD src/ASF/sam/drivers/pmc/sleep.o
LOAD src/ASF/sam/utils/cmsis/same70/source/templates/gcc/startup_same70.o
LOAD src/ASF/sam/utils/cmsis/same70/source/templates/system_same70.o
LOAD src/ASF/sam/utils/syscalls/gcc/syscalls.o
LOAD src/main.o
START GROUP
LOAD ../src/ASF/thirdparty/CMSIS/Lib/GCC\libarm_cortexM7lfsp_math_softfp.a
LOAD c:/program files (x86)/atmel/studio/7.0/toolchain/arm/arm-gnu-toolchain/bin/../lib/gcc/arm-none-eabi/6.3.1/../../../../arm-none-eabi/lib/thumb/v7e-m\libm.a
END GROUP
START GROUP
LOAD c:/program files (x86)/atmel/studio/7.0/toolchain/arm/arm-gnu-toolchain/bin/../lib/gcc/arm-none-eabi/6.3.1/thumb/v7e-m\libgcc.a
LOAD c:/program files (x86)/atmel/studio/7.0/toolchain/arm/arm-gnu-toolchain/bin/../lib/gcc/arm-none-eabi/6.3.1/../../../../arm-none-eabi/lib/thumb/v7e-m\libc.a
END GROUP
LOAD c:/program files (x86)/atmel/studio/7.0/toolchain/arm/arm-gnu-toolchain/bin/../lib/gcc/arm-none-eabi/6.3.1/thumb/v7e-m/crtend.o
LOAD c:/program files (x86)/atmel/studio/7.0/toolchain/arm/arm-gnu-toolchain/bin/../lib/gcc/arm-none-eabi/6.3.1/thumb/v7e-m/crtn.o
                0x00002000                STACK_SIZE = DEFINED (STACK_SIZE)?STACK_SIZE:0x2000
                0x2045fffc                __ram_end__ = ((ORIGIN (ram) + LENGTH (ram)) - 0x4)
                0x00000200                HEAP_SIZE = DEFINED (HEAP_SIZE)?HEAP_SIZE:0x200

.text           0x00400000     0x44e8
                0x00400000                . = ALIGN (0x4)
                0x00400000                _sfixed = .
 *(.vectors .vectors.*)
 .vectors       0x00400000      0x140 src/ASF/sam/utils/cmsis/same70/source/templates/gcc/startup_same70.o
                0x00400000                exception_table
 *(.text .text.* .gnu.linkonce.t.*)
 .text          0x00400140       0x6c c:/program files (x86)/atmel/studio/7.0/toolchain/arm/arm-gnu-toolchain/bin/../lib/gcc/arm-none-eabi/6.3.1/thumb/v7e-m/crtbegin.o
 .text.spi_get_peripheral_select_mode
                0x004001ac       0x26 src/ASF/sam/drivers/spi/spi.o
 *fill*         0x004001d2        0x2 
 .text.sysclk_enable_peripheral_clock
                0x004001d4       0x1c src/ASF/sam/drivers/spi/spi.o
 .text.spi_enable_clock
                0x004001f0       0x3c src/ASF/sam/drivers/spi/spi.o
                0x004001f0                spi_enable_clock
 .text.spi_set_peripheral_chip_select_value
                0x0040022c       0x34 src/ASF/sam/drivers/spi/spi.o
                0x0040022c                spi_set_peripheral_chip_select_value
 .text.spi_write
                0x00400260       0x80 src/ASF/sam/drivers/spi/spi.o
                0x00400260                spi_write
 .text.spi_set_clock_polarity
                0x004002e0       0x50 src/ASF/sam/drivers/spi/spi.o
                0x004002e0                spi_set_clock_polarity
 .text.spi_set_clock_phase
                0x00400330       0x50 src/ASF/sam/drivers/spi/spi.o
                0x00400330                spi_set_clock_phase
 .text.spi_configure_cs_behavior
                0x00400380       0xa6 src/ASF/sam/drivers/spi/spi.o
                0x00400380                spi_configure_cs_behavior
 .text.spi_set_bits_per_transfer
                0x00400426       0x4a src/ASF/sam/drivers/spi/spi.o
                0x00400426                spi_set_bits_per_transfer
 .text.spi_calc_baudrate_div
                0x00400470       0x3c src/ASF/sam/drivers/spi/spi.o
                0x00400470                spi_calc_baudrate_div
 .text.spi_set_baudrate_div
                0x004004ac       0x5e src/ASF/sam/drivers/spi/spi.o
                0x004004ac                spi_set_baudrate_div
 *fill*         0x0040050a        0x2 
 .text.gfx_mono_set_framebuffer
                0x0040050c       0x20 src/oled/gfx_mono_framebuffer.o
                0x0040050c                gfx_mono_set_framebuffer
 .text.gfx_mono_framebuffer_put_byte
                0x0040052c       0x38 src/oled/gfx_mono_framebuffer.o
                0x0040052c                gfx_mono_framebuffer_put_byte
 .text.gfx_mono_framebuffer_get_byte
                0x00400564       0x34 src/oled/gfx_mono_framebuffer.o
                0x00400564                gfx_mono_framebuffer_get_byte
 .text.gfx_mono_generic_draw_horizontal_line
                0x00400598      0x130 src/oled/gfx_mono_generic.o
                0x00400598                gfx_mono_generic_draw_horizontal_line
 .text.gfx_mono_generic_draw_filled_rect
                0x004006c8       0x50 src/oled/gfx_mono_generic.o
                0x004006c8                gfx_mono_generic_draw_filled_rect
 .text.gfx_mono_draw_char_progmem
                0x00400718       0xe0 src/oled/gfx_mono_text.o
 .text.gfx_mono_draw_char
                0x004007f8       0x54 src/oled/gfx_mono_text.o
                0x004007f8                gfx_mono_draw_char
 .text.gfx_mono_draw_string
                0x0040084c       0x6c src/oled/gfx_mono_text.o
                0x0040084c                gfx_mono_draw_string
 .text.ssd1306_set_page_address
                0x004008b8       0x2c src/oled/gfx_mono_ug_2832hsweg04.o
 .text.ssd1306_set_column_address
                0x004008e4       0x40 src/oled/gfx_mono_ug_2832hsweg04.o
 .text.ssd1306_set_display_start_line_address
                0x00400924       0x2c src/oled/gfx_mono_ug_2832hsweg04.o
 .text.gfx_mono_ssd1306_init
                0x00400950       0x64 src/oled/gfx_mono_ug_2832hsweg04.o
                0x00400950                gfx_mono_ssd1306_init
 .text.gfx_mono_ssd1306_draw_pixel
                0x004009b4       0x9c src/oled/gfx_mono_ug_2832hsweg04.o
                0x004009b4                gfx_mono_ssd1306_draw_pixel
 .text.gfx_mono_ssd1306_put_byte
                0x00400a50       0x84 src/oled/gfx_mono_ug_2832hsweg04.o
                0x00400a50                gfx_mono_ssd1306_put_byte
 .text.gfx_mono_ssd1306_get_byte
                0x00400ad4       0x2c src/oled/gfx_mono_ug_2832hsweg04.o
                0x00400ad4                gfx_mono_ssd1306_get_byte
 .text.osc_get_rate
                0x00400b00       0x74 src/oled/ssd1306.o
 .text.sysclk_get_main_hz
                0x00400b74       0x20 src/oled/ssd1306.o
 .text.sysclk_get_cpu_hz
                0x00400b94       0x14 src/oled/ssd1306.o
 .text.sysclk_get_peripheral_hz
                0x00400ba8       0x14 src/oled/ssd1306.o
 .text.ioport_enable_pin
                0x00400bbc       0x4c src/oled/ssd1306.o
 .text.ioport_set_pin_mode
                0x00400c08      0x11c src/oled/ssd1306.o
 .text.ioport_set_pin_dir
                0x00400d24       0x88 src/oled/ssd1306.o
 .text.ioport_set_pin_level
                0x00400dac       0x6c src/oled/ssd1306.o
 .text.spi_reset
                0x00400e18       0x1a src/oled/ssd1306.o
 .text.spi_enable
                0x00400e32       0x1a src/oled/ssd1306.o
 .text.spi_disable
                0x00400e4c       0x1a src/oled/ssd1306.o
 .text.spi_set_master_mode
                0x00400e66       0x20 src/oled/ssd1306.o
 .text.spi_set_fixed_peripheral_select
                0x00400e86       0x20 src/oled/ssd1306.o
 .text.spi_disable_mode_fault_detect
                0x00400ea6       0x20 src/oled/ssd1306.o
 .text.spi_disable_loopback
                0x00400ec6       0x20 src/oled/ssd1306.o
 *fill*         0x00400ee6        0x2 
 .text.ssd1306_hard_reset
                0x00400ee8       0x54 src/oled/ssd1306.o
 .text.ssd1306_display_on
                0x00400f3c       0x14 src/oled/ssd1306.o
 .text.ssd1306_set_contrast
                0x00400f50       0x28 src/oled/ssd1306.o
 .text.ssd1306_display_invert_disable
                0x00400f78       0x14 src/oled/ssd1306.o
 .text.ssd1306_interface_init
                0x00400f8c      0x180 src/oled/ssd1306.o
 .text.ssd1306_init
                0x0040110c       0xb0 src/oled/ssd1306.o
                0x0040110c                ssd1306_init
 .text.ssd1306_write_command
                0x004011bc       0xa4 src/oled/ssd1306.o
                0x004011bc                ssd1306_write_command
 .text.ssd1306_write_data
                0x00401260       0xa4 src/oled/ssd1306.o
                0x00401260                ssd1306_write_data
 .text.osc_enable
                0x00401304       0x88 src/ASF/common/services/clock/same70/sysclk.o
 .text.osc_is_ready
                0x0040138c       0x70 src/ASF/common/services/clock/same70/sysclk.o
 .text.osc_get_rate
                0x004013fc       0x74 src/ASF/common/services/clock/same70/sysclk.o
 .text.osc_wait_ready
                0x00401470       0x2c src/ASF/common/services/clock/same70/sysclk.o
 .text.pll_config_init
                0x0040149c       0x6c src/ASF/common/services/clock/same70/sysclk.o
 .text.pll_enable
                0x00401508       0x40 src/ASF/common/services/clock/same70/sysclk.o
 .text.pll_is_locked
                0x00401548       0x2c src/ASF/common/services/clock/same70/sysclk.o
 .text.pll_enable_source
                0x00401574       0x38 src/ASF/common/services/clock/same70/sysclk.o
 .text.pll_wait_for_lock
                0x004015ac       0x24 src/ASF/common/services/clock/same70/sysclk.o
 .text.sysclk_get_main_hz
                0x004015d0       0x20 src/ASF/common/services/clock/same70/sysclk.o
 .text.sysclk_get_cpu_hz
                0x004015f0       0x14 src/ASF/common/services/clock/same70/sysclk.o
 .text.sysclk_init
                0x00401604       0x7c src/ASF/common/services/clock/same70/sysclk.o
                0x00401604                sysclk_init
 .text.pio_pull_up
                0x00401680       0x2c src/ASF/sam/drivers/pio/pio.o
                0x00401680                pio_pull_up
 .text.pio_set  0x004016ac       0x1c src/ASF/sam/drivers/pio/pio.o
                0x004016ac                pio_set
 .text.pio_clear
                0x004016c8       0x1c src/ASF/sam/drivers/pio/pio.o
                0x004016c8                pio_clear
 .text.pio_set_peripheral
                0x004016e4      0x110 src/ASF/sam/drivers/pio/pio.o
                0x004016e4                pio_set_peripheral
 .text.pio_set_input
                0x004017f4       0x80 src/ASF/sam/drivers/pio/pio.o
                0x004017f4                pio_set_input
 .text.pio_set_output
                0x00401874       0x64 src/ASF/sam/drivers/pio/pio.o
                0x00401874                pio_set_output
 .text.pio_configure
                0x004018d8       0xcc src/ASF/sam/drivers/pio/pio.o
                0x004018d8                pio_configure
 .text.pio_configure_interrupt
                0x004019a4       0x6c src/ASF/sam/drivers/pio/pio.o
                0x004019a4                pio_configure_interrupt
 .text.pio_enable_interrupt
                0x00401a10       0x1c src/ASF/sam/drivers/pio/pio.o
                0x00401a10                pio_enable_interrupt
 .text.pio_disable_interrupt
                0x00401a2c       0x1c src/ASF/sam/drivers/pio/pio.o
                0x00401a2c                pio_disable_interrupt
 .text.pio_get_interrupt_status
                0x00401a48       0x18 src/ASF/sam/drivers/pio/pio.o
                0x00401a48                pio_get_interrupt_status
 .text.pio_get_interrupt_mask
                0x00401a60       0x18 src/ASF/sam/drivers/pio/pio.o
                0x00401a60                pio_get_interrupt_mask
 .text.pio_handler_process
                0x00401a78       0xb4 src/ASF/sam/drivers/pio/pio_handler.o
                0x00401a78                pio_handler_process
 .text.pio_handler_set
                0x00401b2c       0xa0 src/ASF/sam/drivers/pio/pio_handler.o
                0x00401b2c                pio_handler_set
 .text.PIOA_Handler
                0x00401bcc       0x18 src/ASF/sam/drivers/pio/pio_handler.o
                0x00401bcc                PIOA_Handler
 .text.PIOB_Handler
                0x00401be4       0x18 src/ASF/sam/drivers/pio/pio_handler.o
                0x00401be4                PIOB_Handler
 .text.PIOC_Handler
                0x00401bfc       0x18 src/ASF/sam/drivers/pio/pio_handler.o
                0x00401bfc                PIOC_Handler
 .text.PIOD_Handler
                0x00401c14       0x18 src/ASF/sam/drivers/pio/pio_handler.o
                0x00401c14                PIOD_Handler
 .text.PIOE_Handler
                0x00401c2c       0x18 src/ASF/sam/drivers/pio/pio_handler.o
                0x00401c2c                PIOE_Handler
 .text.pmc_mck_set_division
                0x00401c44       0x7c src/ASF/sam/drivers/pmc/pmc.o
                0x00401c44                pmc_mck_set_division
 .text.pmc_switch_mck_to_pllack
                0x00401cc0       0x84 src/ASF/sam/drivers/pmc/pmc.o
                0x00401cc0                pmc_switch_mck_to_pllack
 .text.pmc_switch_sclk_to_32kxtal
                0x00401d44       0x38 src/ASF/sam/drivers/pmc/pmc.o
                0x00401d44                pmc_switch_sclk_to_32kxtal
 .text.pmc_osc_is_ready_32kxtal
                0x00401d7c       0x34 src/ASF/sam/drivers/pmc/pmc.o
                0x00401d7c                pmc_osc_is_ready_32kxtal
 .text.pmc_switch_mainck_to_fastrc
                0x00401db0       0x70 src/ASF/sam/drivers/pmc/pmc.o
                0x00401db0                pmc_switch_mainck_to_fastrc
 .text.pmc_switch_mainck_to_xtal
                0x00401e20       0x78 src/ASF/sam/drivers/pmc/pmc.o
                0x00401e20                pmc_switch_mainck_to_xtal
 .text.pmc_osc_is_ready_mainck
                0x00401e98       0x1c src/ASF/sam/drivers/pmc/pmc.o
                0x00401e98                pmc_osc_is_ready_mainck
 .text.pmc_disable_pllack
                0x00401eb4       0x1c src/ASF/sam/drivers/pmc/pmc.o
                0x00401eb4                pmc_disable_pllack
 .text.pmc_is_locked_pllack
                0x00401ed0       0x1c src/ASF/sam/drivers/pmc/pmc.o
                0x00401ed0                pmc_is_locked_pllack
 .text.pmc_is_locked_upll
                0x00401eec       0x1c src/ASF/sam/drivers/pmc/pmc.o
                0x00401eec                pmc_is_locked_upll
 .text.pmc_enable_periph_clk
                0x00401f08       0x84 src/ASF/sam/drivers/pmc/pmc.o
                0x00401f08                pmc_enable_periph_clk
 .text.cpu_irq_save
                0x00401f8c       0x38 src/ASF/sam/utils/cmsis/same70/source/templates/gcc/startup_same70.o
 .text.cpu_irq_is_enabled_flags
                0x00401fc4       0x20 src/ASF/sam/utils/cmsis/same70/source/templates/gcc/startup_same70.o
 .text.cpu_irq_restore
                0x00401fe4       0x30 src/ASF/sam/utils/cmsis/same70/source/templates/gcc/startup_same70.o
 .text.Reset_Handler
                0x00402014       0xb0 src/ASF/sam/utils/cmsis/same70/source/templates/gcc/startup_same70.o
                0x00402014                Reset_Handler
 .text.Dummy_Handler
                0x004020c4        0x6 src/ASF/sam/utils/cmsis/same70/source/templates/gcc/startup_same70.o
                0x004020c4                DACC_Handler
                0x004020c4                DebugMon_Handler
                0x004020c4                UART3_Handler
                0x004020c4                UART2_Handler
                0x004020c4                TRNG_Handler
                0x004020c4                HardFault_Handler
                0x004020c4                TC2_Handler
                0x004020c4                SysTick_Handler
                0x004020c4                AFEC1_Handler
                0x004020c4                PendSV_Handler
                0x004020c4                NMI_Handler
                0x004020c4                TC7_Handler
                0x004020c4                QSPI_Handler
                0x004020c4                ISI_Handler
                0x004020c4                TC9_Handler
                0x004020c4                RSWDT_Handler
                0x004020c4                MCAN1_Handler
                0x004020c4                USART0_Handler
                0x004020c4                RTT_Handler
                0x004020c4                USBHS_Handler
                0x004020c4                RTC_Handler
                0x004020c4                UsageFault_Handler
                0x004020c4                TC6_Handler
                0x004020c4                WDT_Handler
                0x004020c4                TC4_Handler
                0x004020c4                TC1_Handler
                0x004020c4                HSMCI_Handler
                0x004020c4                UART1_Handler
                0x004020c4                TC3_Handler
                0x004020c4                Dummy_Handler
                0x004020c4                TWIHS1_Handler
                0x004020c4                XDMAC_Handler
                0x004020c4                UART4_Handler
                0x004020c4                PWM1_Handler
                0x004020c4                USART1_Handler
                0x004020c4                PWM0_Handler
                0x004020c4                AFEC0_Handler
                0x004020c4                TC11_Handler
                0x004020c4                SSC_Handler
                0x004020c4                ACC_Handler
                0x004020c4                PMC_Handler
                0x004020c4                GMAC_Handler
                0x004020c4                MemManage_Handler
                0x004020c4                SUPC_Handler
                0x004020c4                SVC_Handler
                0x004020c4                TC8_Handler
                0x004020c4                EFC_Handler
                0x004020c4                USART2_Handler
                0x004020c4                SDRAMC_Handler
                0x004020c4                SPI1_Handler
                0x004020c4                MCAN0_Handler
                0x004020c4                TC10_Handler
                0x004020c4                TWIHS2_Handler
                0x004020c4                UART0_Handler
                0x004020c4                BusFault_Handler
                0x004020c4                RSTC_Handler
                0x004020c4                TC0_Handler
                0x004020c4                TC5_Handler
                0x004020c4                AES_Handler
                0x004020c4                ICM_Handler
                0x004020c4                TWIHS0_Handler
                0x004020c4                SPI0_Handler
 *fill*         0x004020ca        0x2 
 .text.SystemCoreClockUpdate
                0x004020cc      0x168 src/ASF/sam/utils/cmsis/same70/source/templates/system_same70.o
                0x004020cc                SystemCoreClockUpdate
 .text.system_init_flash
                0x00402234       0xb0 src/ASF/sam/utils/cmsis/same70/source/templates/system_same70.o
                0x00402234                system_init_flash
 .text.NVIC_EnableIRQ
                0x004022e4       0x34 src/main.o
 .text.osc_get_rate
                0x00402318       0x74 src/main.o
 .text.sysclk_get_main_hz
                0x0040238c       0x20 src/main.o
 .text.sysclk_get_cpu_hz
                0x004023ac       0x14 src/main.o
 .text.Button1_Handler
                0x004023c0       0x18 src/main.o
                0x004023c0                Button1_Handler
 .text.Button2_Handler
                0x004023d8       0x18 src/main.o
                0x004023d8                Button2_Handler
 .text.Button3_Handler
                0x004023f0       0x18 src/main.o
                0x004023f0                Button3_Handler
 .text.Button4_Handler
                0x00402408       0x18 src/main.o
                0x00402408                Button4_Handler
 .text.acende_leds
                0x00402420       0x34 src/main.o
                0x00402420                acende_leds
 .text.apaga_leds
                0x00402454       0x34 src/main.o
                0x00402454                apaga_leds
 .text.build_melody
                0x00402488       0x64 src/main.o
                0x00402488                build_melody
 *fill*         0x004024ec        0x4 
 .text.tone     0x004024f0      0x2d4 src/main.o
                0x004024f0                tone
 .text.play_music
                0x004027c4      0x1d0 src/main.o
                0x004027c4                play_music
 .text.LED_init
                0x00402994       0x80 src/main.o
                0x00402994                LED_init
 .text.main     0x00402a14      0x27c src/main.o
                0x00402a14                main
 .text          0x00402c90      0x370 c:/program files (x86)/atmel/studio/7.0/toolchain/arm/arm-gnu-toolchain/bin/../lib/gcc/arm-none-eabi/6.3.1/thumb/v7e-m\libgcc.a(_arm_addsubdf3.o)
                0x00402c90                __aeabi_drsub
                0x00402c98                __aeabi_dsub
                0x00402c98                __subdf3
                0x00402c9c                __aeabi_dadd
                0x00402c9c                __adddf3
                0x00402f14                __floatunsidf
                0x00402f14                __aeabi_ui2d
                0x00402f34                __floatsidf
                0x00402f34                __aeabi_i2d
                0x00402f58                __aeabi_f2d
                0x00402f58                __extendsfdf2
                0x00402f94                __floatundidf
                0x00402f94                __aeabi_ul2d
                0x00402fa4                __floatdidf
                0x00402fa4                __aeabi_l2d
 .text          0x00403000      0x424 c:/program files (x86)/atmel/studio/7.0/toolchain/arm/arm-gnu-toolchain/bin/../lib/gcc/arm-none-eabi/6.3.1/thumb/v7e-m\libgcc.a(_arm_muldivdf3.o)
                0x00403000                __aeabi_dmul
                0x00403000                __muldf3
                0x00403254                __divdf3
                0x00403254                __aeabi_ddiv
 .text          0x00403424      0x110 c:/program files (x86)/atmel/studio/7.0/toolchain/arm/arm-gnu-toolchain/bin/../lib/gcc/arm-none-eabi/6.3.1/thumb/v7e-m\libgcc.a(_arm_cmpdf2.o)
                0x00403424                __gtdf2
                0x00403424                __gedf2
                0x0040342c                __ltdf2
                0x0040342c                __ledf2
                0x00403434                __nedf2
                0x00403434                __eqdf2
                0x00403434                __cmpdf2
                0x004034b0                __aeabi_cdrcmple
                0x004034c0                __aeabi_cdcmpeq
                0x004034c0                __aeabi_cdcmple
                0x004034d0                __aeabi_dcmpeq
                0x004034e4                __aeabi_dcmplt
                0x004034f8                __aeabi_dcmple
                0x0040350c                __aeabi_dcmpge
                0x00403520                __aeabi_dcmpgt
 .text          0x00403534       0x30 c:/program files (x86)/atmel/studio/7.0/toolchain/arm/arm-gnu-toolchain/bin/../lib/gcc/arm-none-eabi/6.3.1/thumb/v7e-m\libgcc.a(_aeabi_uldivmod.o)
                0x00403534                __aeabi_uldivmod
 .text          0x00403564       0x48 c:/program files (x86)/atmel/studio/7.0/toolchain/arm/arm-gnu-toolchain/bin/../lib/gcc/arm-none-eabi/6.3.1/thumb/v7e-m\libgcc.a(_fixunsdfdi.o)
                0x00403564                __fixunsdfdi
                0x00403564                __aeabi_d2ulz
 .text          0x004035ac      0x2dc c:/program files (x86)/atmel/studio/7.0/toolchain/arm/arm-gnu-toolchain/bin/../lib/gcc/arm-none-eabi/6.3.1/thumb/v7e-m\libgcc.a(_udivmoddi4.o)
                0x004035ac                __udivmoddi4
 .text          0x00403888        0x4 c:/program files (x86)/atmel/studio/7.0/toolchain/arm/arm-gnu-toolchain/bin/../lib/gcc/arm-none-eabi/6.3.1/thumb/v7e-m\libgcc.a(_dvmd_tls.o)
                0x00403888                __aeabi_idiv0
                0x00403888                __aeabi_ldiv0
 .text          0x0040388c       0x40 c:/program files (x86)/atmel/studio/7.0/toolchain/arm/arm-gnu-toolchain/bin/../lib/gcc/arm-none-eabi/6.3.1/thumb/v7e-m\libgcc.a(_arm_fixunsdfsi.o)
                0x0040388c                __aeabi_d2uiz
                0x0040388c                __fixunsdfsi
 .text.__libc_init_array
                0x004038cc       0x50 c:/program files (x86)/atmel/studio/7.0/toolchain/arm/arm-gnu-toolchain/bin/../lib/gcc/arm-none-eabi/6.3.1/../../../../arm-none-eabi/lib/thumb/v7e-m\libc.a(lib_a-init.o)
                0x004038cc                __libc_init_array
 .text.startup.register_fini
                0x0040391c       0x14 c:/program files (x86)/atmel/studio/7.0/toolchain/arm/arm-gnu-toolchain/bin/../lib/gcc/arm-none-eabi/6.3.1/../../../../arm-none-eabi/lib/thumb/v7e-m\libc.a(lib_a-__call_atexit.o)
 .text.atexit   0x00403930        0xc c:/program files (x86)/atmel/studio/7.0/toolchain/arm/arm-gnu-toolchain/bin/../lib/gcc/arm-none-eabi/6.3.1/../../../../arm-none-eabi/lib/thumb/v7e-m\libc.a(lib_a-atexit.o)
                0x00403930                atexit
 .text.__libc_fini_array
                0x0040393c       0x34 c:/program files (x86)/atmel/studio/7.0/toolchain/arm/arm-gnu-toolchain/bin/../lib/gcc/arm-none-eabi/6.3.1/../../../../arm-none-eabi/lib/thumb/v7e-m\libc.a(lib_a-fini.o)
                0x0040393c                __libc_fini_array
 .text.__retarget_lock_acquire_recursive
                0x00403970        0x4 c:/program files (x86)/atmel/studio/7.0/toolchain/arm/arm-gnu-toolchain/bin/../lib/gcc/arm-none-eabi/6.3.1/../../../../arm-none-eabi/lib/thumb/v7e-m\libc.a(lib_a-lock.o)
                0x00403970                __retarget_lock_acquire_recursive
 .text.__retarget_lock_release_recursive
                0x00403974        0x4 c:/program files (x86)/atmel/studio/7.0/toolchain/arm/arm-gnu-toolchain/bin/../lib/gcc/arm-none-eabi/6.3.1/../../../../arm-none-eabi/lib/thumb/v7e-m\libc.a(lib_a-lock.o)
                0x00403974                __retarget_lock_release_recursive
 .text.__register_exitproc
                0x00403978       0xc4 c:/program files (x86)/atmel/studio/7.0/toolchain/arm/arm-gnu-toolchain/bin/../lib/gcc/arm-none-eabi/6.3.1/../../../../arm-none-eabi/lib/thumb/v7e-m\libc.a(lib_a-__atexit.o)
                0x00403978                __register_exitproc
 *(.glue_7t)
 .glue_7t       0x00403a3c        0x0 linker stubs
 *(.glue_7)
 .glue_7        0x00403a3c        0x0 linker stubs
 *(.rodata .rodata* .gnu.linkonce.r.*)
 .rodata.sysfont_glyphs
                0x00403a3c      0xa48 src/oled/sysfont.o
 .rodata        0x00404484       0x3c src/main.o
 .rodata._global_impure_ptr
                0x004044c0        0x4 c:/program files (x86)/atmel/studio/7.0/toolchain/arm/arm-gnu-toolchain/bin/../lib/gcc/arm-none-eabi/6.3.1/../../../../arm-none-eabi/lib/thumb/v7e-m\libc.a(lib_a-impure.o)
                0x004044c0                _global_impure_ptr
 *(.ARM.extab* .gnu.linkonce.armextab.*)
                0x004044c4                . = ALIGN (0x4)
 *(.init)
 .init          0x004044c4        0x4 c:/program files (x86)/atmel/studio/7.0/toolchain/arm/arm-gnu-toolchain/bin/../lib/gcc/arm-none-eabi/6.3.1/thumb/v7e-m/crti.o
                0x004044c4                _init
 .init          0x004044c8        0x8 c:/program files (x86)/atmel/studio/7.0/toolchain/arm/arm-gnu-toolchain/bin/../lib/gcc/arm-none-eabi/6.3.1/thumb/v7e-m/crtn.o
                0x004044d0                . = ALIGN (0x4)
                0x004044d0                __preinit_array_start = .
 *(.preinit_array)
                0x004044d0                __preinit_array_end = .
                0x004044d0                . = ALIGN (0x4)
                0x004044d0                __init_array_start = .
 *(SORT(.init_array.*))
 .init_array.00000
                0x004044d0        0x4 c:/program files (x86)/atmel/studio/7.0/toolchain/arm/arm-gnu-toolchain/bin/../lib/gcc/arm-none-eabi/6.3.1/../../../../arm-none-eabi/lib/thumb/v7e-m\libc.a(lib_a-__call_atexit.o)
 *(.init_array)
 .init_array    0x004044d4        0x4 c:/program files (x86)/atmel/studio/7.0/toolchain/arm/arm-gnu-toolchain/bin/../lib/gcc/arm-none-eabi/6.3.1/thumb/v7e-m/crtbegin.o
                0x004044d8                __init_array_end = .
                0x004044d8                . = ALIGN (0x4)
 *crtbegin.o(.ctors)
 *(EXCLUDE_FILE(*crtend.o) .ctors)
 *(SORT(.ctors.*))
 *crtend.o(.ctors)
                0x004044d8                . = ALIGN (0x4)
 *(.fini)
 .fini          0x004044d8        0x4 c:/program files (x86)/atmel/studio/7.0/toolchain/arm/arm-gnu-toolchain/bin/../lib/gcc/arm-none-eabi/6.3.1/thumb/v7e-m/crti.o
                0x004044d8                _fini
 .fini          0x004044dc        0x8 c:/program files (x86)/atmel/studio/7.0/toolchain/arm/arm-gnu-toolchain/bin/../lib/gcc/arm-none-eabi/6.3.1/thumb/v7e-m/crtn.o
                0x004044e4                . = ALIGN (0x4)
                0x004044e4                __fini_array_start = .
 *(.fini_array)
 .fini_array    0x004044e4        0x4 c:/program files (x86)/atmel/studio/7.0/toolchain/arm/arm-gnu-toolchain/bin/../lib/gcc/arm-none-eabi/6.3.1/thumb/v7e-m/crtbegin.o
 *(SORT(.fini_array.*))
                0x004044e8                __fini_array_end = .
 *crtbegin.o(.dtors)
 *(EXCLUDE_FILE(*crtend.o) .dtors)
 *(SORT(.dtors.*))
 *crtend.o(.dtors)
                0x004044e8                . = ALIGN (0x4)
                0x004044e8                _efixed = .
                [!provide]                PROVIDE (__exidx_start, .)

.vfp11_veneer   0x004044e8        0x0
 .vfp11_veneer  0x004044e8        0x0 linker stubs

.v4_bx          0x004044e8        0x0
 .v4_bx         0x004044e8        0x0 linker stubs

.iplt           0x004044e8        0x0
 .iplt          0x004044e8        0x0 c:/program files (x86)/atmel/studio/7.0/toolchain/arm/arm-gnu-toolchain/bin/../lib/gcc/arm-none-eabi/6.3.1/thumb/v7e-m/crtbegin.o

.ARM.exidx      0x004044e8        0x8
 *(.ARM.exidx* .gnu.linkonce.armexidx.*)
 .ARM.exidx     0x004044e8        0x8 c:/program files (x86)/atmel/studio/7.0/toolchain/arm/arm-gnu-toolchain/bin/../lib/gcc/arm-none-eabi/6.3.1/thumb/v7e-m\libgcc.a(_udivmoddi4.o)
                [!provide]                PROVIDE (__exidx_end, .)

.eh_frame       0x004044f0        0x0
 .eh_frame      0x004044f0        0x0 c:/program files (x86)/atmel/studio/7.0/toolchain/arm/arm-gnu-toolchain/bin/../lib/gcc/arm-none-eabi/6.3.1/thumb/v7e-m/crtbegin.o

.rel.dyn        0x004044f0        0x0
 .rel.iplt      0x004044f0        0x0 c:/program files (x86)/atmel/studio/7.0/toolchain/arm/arm-gnu-toolchain/bin/../lib/gcc/arm-none-eabi/6.3.1/thumb/v7e-m/crtbegin.o

.jcr            0x004044f0        0x0
 .jcr           0x004044f0        0x0 c:/program files (x86)/atmel/studio/7.0/toolchain/arm/arm-gnu-toolchain/bin/../lib/gcc/arm-none-eabi/6.3.1/thumb/v7e-m/crtbegin.o

.igot.plt       0x004044f0        0x0
 .igot.plt      0x004044f0        0x0 c:/program files (x86)/atmel/studio/7.0/toolchain/arm/arm-gnu-toolchain/bin/../lib/gcc/arm-none-eabi/6.3.1/thumb/v7e-m/crtbegin.o
                0x004044f0                . = ALIGN (0x4)
                0x004044f0                _etext = .

.relocate       0x20400000     0x1304 load address 0x004044f0
                0x20400000                . = ALIGN (0x4)
                0x20400000                _srelocate = .
 *(.ramfunc .ramfunc.*)
 .ramfunc       0x20400000        0xa src/ASF/common/services/delay/sam/cycle_counter.o
                0x20400000                portable_delay_cycles
 *(.data .data.*)
 *fill*         0x2040000a        0x2 
 .data.sysfont  0x2040000c        0xc src/oled/sysfont.o
                0x2040000c                sysfont
 .data.g_interrupt_enabled
                0x20400018        0x1 src/ASF/common/utils/interrupt/interrupt_sam_nvic.o
                0x20400018                g_interrupt_enabled
 *fill*         0x20400019        0x3 
 .data.SystemCoreClock
                0x2040001c        0x4 src/ASF/sam/utils/cmsis/same70/source/templates/system_same70.o
                0x2040001c                SystemCoreClock
 .data.pirate_notes
                0x20400020      0x32c src/main.o
                0x20400020                pirate_notes
 .data.pirate_duration
                0x2040034c      0x32c src/main.o
                0x2040034c                pirate_duration
 .data.mario_notes
                0x20400678      0x270 src/main.o
                0x20400678                mario_notes
 .data.mario_temp
                0x204008e8      0x270 src/main.o
                0x204008e8                mario_temp
 .data.underworld_notes
                0x20400b58      0x1c0 src/main.o
                0x20400b58                underworld_notes
 .data.underworld_duration
                0x20400d18      0x1c0 src/main.o
                0x20400d18                underworld_duration
 .data.impure_data
                0x20400ed8      0x428 c:/program files (x86)/atmel/studio/7.0/toolchain/arm/arm-gnu-toolchain/bin/../lib/gcc/arm-none-eabi/6.3.1/../../../../arm-none-eabi/lib/thumb/v7e-m\libc.a(lib_a-impure.o)
 .data.__atexit_recursive_mutex
                0x20401300        0x4 c:/program files (x86)/atmel/studio/7.0/toolchain/arm/arm-gnu-toolchain/bin/../lib/gcc/arm-none-eabi/6.3.1/../../../../arm-none-eabi/lib/thumb/v7e-m\libc.a(lib_a-__call_atexit.o)
                0x20401300                __atexit_recursive_mutex
                0x20401304                . = ALIGN (0x4)
                0x20401304                _erelocate = .

.bss            0x20401304      0x2bc load address 0x004057f4
                0x20401304                . = ALIGN (0x4)
                0x20401304                _sbss = .
                0x20401304                _szero = .
 *(.bss .bss.*)
 .bss           0x20401304       0x1c c:/program files (x86)/atmel/studio/7.0/toolchain/arm/arm-gnu-toolchain/bin/../lib/gcc/arm-none-eabi/6.3.1/thumb/v7e-m/crtbegin.o
 .bss.fbpointer
                0x20401320        0x4 src/oled/gfx_mono_framebuffer.o
 .bss.framebuffer
                0x20401324      0x200 src/oled/gfx_mono_ug_2832hsweg04.o
 .bss.gs_interrupt_sources
                0x20401524       0x70 src/ASF/sam/drivers/pio/pio_handler.o
 .bss.gs_ul_nb_sources
                0x20401594        0x4 src/ASF/sam/drivers/pio/pio_handler.o
 .bss.b1        0x20401598        0x1 src/main.o
                0x20401598                b1
 .bss.b2        0x20401599        0x1 src/main.o
                0x20401599                b2
 .bss.b3        0x2040159a        0x1 src/main.o
                0x2040159a                b3
 .bss.b4        0x2040159b        0x1 src/main.o
                0x2040159b                b4
 *(COMMON)
 COMMON         0x2040159c       0x21 c:/program files (x86)/atmel/studio/7.0/toolchain/arm/arm-gnu-toolchain/bin/../lib/gcc/arm-none-eabi/6.3.1/../../../../arm-none-eabi/lib/thumb/v7e-m\libc.a(lib_a-lock.o)
                0x2040159c                __lock___atexit_recursive_mutex
                0x204015a0                __lock___arc4random_mutex
                0x204015a4                __lock___env_recursive_mutex
                0x204015a8                __lock___sinit_recursive_mutex
                0x204015ac                __lock___malloc_recursive_mutex
                0x204015b0                __lock___at_quick_exit_mutex
                0x204015b4                __lock___dd_hash_mutex
                0x204015b8                __lock___tz_mutex
                0x204015bc                __lock___sfp_recursive_mutex
                0x204015c0                . = ALIGN (0x4)
 *fill*         0x204015bd        0x3 
                0x204015c0                _ebss = .
                0x204015c0                _ezero = .

.stack          0x204015c0     0x2000 load address 0x00405ab0
                0x204015c0                . = ALIGN (0x8)
                0x204015c0                _sstack = .
                0x204035c0                . = (. + STACK_SIZE)
 *fill*         0x204015c0     0x2000 
                0x204035c0                . = ALIGN (0x8)
                0x204035c0                _estack = .

.heap           0x204035c0      0x200 load address 0x00407ab0
                0x204035c0                . = ALIGN (0x8)
                0x204035c0                _sheap = .
                0x204037c0                . = (. + HEAP_SIZE)
 *fill*         0x204035c0      0x200 
                0x204037c0                . = ALIGN (0x8)
                0x204037c0                _eheap = .
                0x204037c0                . = ALIGN (0x4)
                0x204037c0                _end = .
                0x2045ffff                _ram_end_ = ((ORIGIN (ram) + LENGTH (ram)) - 0x1)
OUTPUT(OLED1.elf elf32-littlearm)

.ARM.attributes
                0x00000000       0x2e
 .ARM.attributes
                0x00000000       0x1e c:/program files (x86)/atmel/studio/7.0/toolchain/arm/arm-gnu-toolchain/bin/../lib/gcc/arm-none-eabi/6.3.1/thumb/v7e-m/crti.o
 .ARM.attributes
                0x0000001e       0x2e c:/program files (x86)/atmel/studio/7.0/toolchain/arm/arm-gnu-toolchain/bin/../lib/gcc/arm-none-eabi/6.3.1/thumb/v7e-m/crtbegin.o
 .ARM.attributes
                0x0000004c       0x37 src/ASF/sam/drivers/spi/spi.o
 .ARM.attributes
                0x00000083       0x37 src/oled/gfx_mono_framebuffer.o
 .ARM.attributes
                0x000000ba       0x37 src/oled/gfx_mono_generic.o
 .ARM.attributes
                0x000000f1       0x37 src/oled/gfx_mono_text.o
 .ARM.attributes
                0x00000128       0x37 src/oled/gfx_mono_ug_2832hsweg04.o
 .ARM.attributes
                0x0000015f       0x37 src/oled/ssd1306.o
 .ARM.attributes
                0x00000196       0x37 src/oled/sysfont.o
 .ARM.attributes
                0x000001cd       0x37 src/ASF/common/services/delay/sam/cycle_counter.o
 .ARM.attributes
                0x00000204       0x37 src/ASF/common/services/clock/same70/sysclk.o
 .ARM.attributes
                0x0000023b       0x37 src/ASF/common/utils/interrupt/interrupt_sam_nvic.o
 .ARM.attributes
                0x00000272       0x37 src/ASF/sam/drivers/pio/pio.o
 .ARM.attributes
                0x000002a9       0x37 src/ASF/sam/drivers/pio/pio_handler.o
 .ARM.attributes
                0x000002e0       0x37 src/ASF/sam/drivers/pmc/pmc.o
 .ARM.attributes
                0x00000317       0x37 src/ASF/sam/utils/cmsis/same70/source/templates/gcc/startup_same70.o
 .ARM.attributes
                0x0000034e       0x37 src/ASF/sam/utils/cmsis/same70/source/templates/system_same70.o
 .ARM.attributes
                0x00000385       0x37 src/main.o
 .ARM.attributes
                0x000003bc       0x1e c:/program files (x86)/atmel/studio/7.0/toolchain/arm/arm-gnu-toolchain/bin/../lib/gcc/arm-none-eabi/6.3.1/thumb/v7e-m\libgcc.a(_arm_addsubdf3.o)
 .ARM.attributes
                0x000003da       0x1e c:/program files (x86)/atmel/studio/7.0/toolchain/arm/arm-gnu-toolchain/bin/../lib/gcc/arm-none-eabi/6.3.1/thumb/v7e-m\libgcc.a(_arm_muldivdf3.o)
 .ARM.attributes
                0x000003f8       0x1e c:/program files (x86)/atmel/studio/7.0/toolchain/arm/arm-gnu-toolchain/bin/../lib/gcc/arm-none-eabi/6.3.1/thumb/v7e-m\libgcc.a(_arm_cmpdf2.o)
 .ARM.attributes
                0x00000416       0x1e c:/program files (x86)/atmel/studio/7.0/toolchain/arm/arm-gnu-toolchain/bin/../lib/gcc/arm-none-eabi/6.3.1/thumb/v7e-m\libgcc.a(_aeabi_uldivmod.o)
 .ARM.attributes
                0x00000434       0x2e c:/program files (x86)/atmel/studio/7.0/toolchain/arm/arm-gnu-toolchain/bin/../lib/gcc/arm-none-eabi/6.3.1/thumb/v7e-m\libgcc.a(_fixunsdfdi.o)
 .ARM.attributes
                0x00000462       0x2e c:/program files (x86)/atmel/studio/7.0/toolchain/arm/arm-gnu-toolchain/bin/../lib/gcc/arm-none-eabi/6.3.1/thumb/v7e-m\libgcc.a(_udivmoddi4.o)
 .ARM.attributes
                0x00000490       0x1e c:/program files (x86)/atmel/studio/7.0/toolchain/arm/arm-gnu-toolchain/bin/../lib/gcc/arm-none-eabi/6.3.1/thumb/v7e-m\libgcc.a(_dvmd_tls.o)
 .ARM.attributes
                0x000004ae       0x1e c:/program files (x86)/atmel/studio/7.0/toolchain/arm/arm-gnu-toolchain/bin/../lib/gcc/arm-none-eabi/6.3.1/thumb/v7e-m\libgcc.a(_arm_fixunsdfsi.o)
 .ARM.attributes
                0x000004cc       0x2e c:/program files (x86)/atmel/studio/7.0/toolchain/arm/arm-gnu-toolchain/bin/../lib/gcc/arm-none-eabi/6.3.1/../../../../arm-none-eabi/lib/thumb/v7e-m\libc.a(lib_a-impure.o)
 .ARM.attributes
                0x000004fa       0x2e c:/program files (x86)/atmel/studio/7.0/toolchain/arm/arm-gnu-toolchain/bin/../lib/gcc/arm-none-eabi/6.3.1/../../../../arm-none-eabi/lib/thumb/v7e-m\libc.a(lib_a-init.o)
 .ARM.attributes
                0x00000528       0x2e c:/program files (x86)/atmel/studio/7.0/toolchain/arm/arm-gnu-toolchain/bin/../lib/gcc/arm-none-eabi/6.3.1/../../../../arm-none-eabi/lib/thumb/v7e-m\libc.a(lib_a-__call_atexit.o)
 .ARM.attributes
                0x00000556       0x2e c:/program files (x86)/atmel/studio/7.0/toolchain/arm/arm-gnu-toolchain/bin/../lib/gcc/arm-none-eabi/6.3.1/../../../../arm-none-eabi/lib/thumb/v7e-m\libc.a(lib_a-atexit.o)
 .ARM.attributes
                0x00000584       0x2e c:/program files (x86)/atmel/studio/7.0/toolchain/arm/arm-gnu-toolchain/bin/../lib/gcc/arm-none-eabi/6.3.1/../../../../arm-none-eabi/lib/thumb/v7e-m\libc.a(lib_a-fini.o)
 .ARM.attributes
                0x000005b2       0x2e c:/program files (x86)/atmel/studio/7.0/toolchain/arm/arm-gnu-toolchain/bin/../lib/gcc/arm-none-eabi/6.3.1/../../../../arm-none-eabi/lib/thumb/v7e-m\libc.a(lib_a-lock.o)
 .ARM.attributes
                0x000005e0       0x2e c:/program files (x86)/atmel/studio/7.0/toolchain/arm/arm-gnu-toolchain/bin/../lib/gcc/arm-none-eabi/6.3.1/../../../../arm-none-eabi/lib/thumb/v7e-m\libc.a(lib_a-__atexit.o)
 .ARM.attributes
                0x0000060e       0x1e c:/program files (x86)/atmel/studio/7.0/toolchain/arm/arm-gnu-toolchain/bin/../lib/gcc/arm-none-eabi/6.3.1/thumb/v7e-m/crtn.o

.comment        0x00000000       0x59
 .comment       0x00000000       0x59 src/ASF/sam/drivers/spi/spi.o
                                 0x5a (size before relaxing)
 .comment       0x00000059       0x5a src/oled/gfx_mono_framebuffer.o
 .comment       0x00000059       0x5a src/oled/gfx_mono_generic.o
 .comment       0x00000059       0x5a src/oled/gfx_mono_text.o
 .comment       0x00000059       0x5a src/oled/gfx_mono_ug_2832hsweg04.o
 .comment       0x00000059       0x5a src/oled/ssd1306.o
 .comment       0x00000059       0x5a src/oled/sysfont.o
 .comment       0x00000059       0x5a src/ASF/common/services/delay/sam/cycle_counter.o
 .comment       0x00000059       0x5a src/ASF/common/services/clock/same70/sysclk.o
 .comment       0x00000059       0x5a src/ASF/common/utils/interrupt/interrupt_sam_nvic.o
 .comment       0x00000059       0x5a src/ASF/sam/drivers/pio/pio.o
 .comment       0x00000059       0x5a src/ASF/sam/drivers/pio/pio_handler.o
 .comment       0x00000059       0x5a src/ASF/sam/drivers/pmc/pmc.o
 .comment       0x00000059       0x5a src/ASF/sam/utils/cmsis/same70/source/templates/gcc/startup_same70.o
 .comment       0x00000059       0x5a src/ASF/sam/utils/cmsis/same70/source/templates/system_same70.o
 .comment       0x00000059       0x5a src/main.o

.debug_info     0x00000000    0x126c9
 .debug_info    0x00000000     0x10ff src/ASF/sam/drivers/spi/spi.o
 .debug_info    0x000010ff      0xd75 src/oled/gfx_mono_framebuffer.o
 .debug_info    0x00001e74     0x114a src/oled/gfx_mono_generic.o
 .debug_info    0x00002fbe      0xeb8 src/oled/gfx_mono_text.o
 .debug_info    0x00003e76      0xf32 src/oled/gfx_mono_ug_2832hsweg04.o
 .debug_info    0x00004da8     0x1c29 src/oled/ssd1306.o
 .debug_info    0x000069d1      0xb06 src/oled/sysfont.o
 .debug_info    0x000074d7      0xa45 src/ASF/common/services/delay/sam/cycle_counter.o
 .debug_info    0x00007f1c     0x12d4 src/ASF/common/services/clock/same70/sysclk.o
 .debug_info    0x000091f0      0xb06 src/ASF/common/utils/interrupt/interrupt_sam_nvic.o
 .debug_info    0x00009cf6     0x1cbf src/ASF/sam/drivers/pio/pio.o
 .debug_info    0x0000b9b5     0x1a18 src/ASF/sam/drivers/pio/pio_handler.o
 .debug_info    0x0000d3cd     0x1df9 src/ASF/sam/drivers/pmc/pmc.o
 .debug_info    0x0000f1c6     0x157c src/ASF/sam/utils/cmsis/same70/source/templates/gcc/startup_same70.o
 .debug_info    0x00010742      0x55f src/ASF/sam/utils/cmsis/same70/source/templates/system_same70.o
 .debug_info    0x00010ca1     0x1a28 src/main.o

.debug_abbrev   0x00000000     0x27f5
 .debug_abbrev  0x00000000      0x2c2 src/ASF/sam/drivers/spi/spi.o
 .debug_abbrev  0x000002c2      0x217 src/oled/gfx_mono_framebuffer.o
 .debug_abbrev  0x000004d9      0x26b src/oled/gfx_mono_generic.o
 .debug_abbrev  0x00000744      0x281 src/oled/gfx_mono_text.o
 .debug_abbrev  0x000009c5      0x2b6 src/oled/gfx_mono_ug_2832hsweg04.o
 .debug_abbrev  0x00000c7b      0x3de src/oled/ssd1306.o
 .debug_abbrev  0x00001059      0x1b6 src/oled/sysfont.o
 .debug_abbrev  0x0000120f      0x1b3 src/ASF/common/services/delay/sam/cycle_counter.o
 .debug_abbrev  0x000013c2      0x296 src/ASF/common/services/clock/same70/sysclk.o
 .debug_abbrev  0x00001658      0x214 src/ASF/common/utils/interrupt/interrupt_sam_nvic.o
 .debug_abbrev  0x0000186c      0x296 src/ASF/sam/drivers/pio/pio.o
 .debug_abbrev  0x00001b02      0x2c9 src/ASF/sam/drivers/pio/pio_handler.o
 .debug_abbrev  0x00001dcb      0x2c5 src/ASF/sam/drivers/pmc/pmc.o
 .debug_abbrev  0x00002090      0x2e8 src/ASF/sam/utils/cmsis/same70/source/templates/gcc/startup_same70.o
 .debug_abbrev  0x00002378      0x102 src/ASF/sam/utils/cmsis/same70/source/templates/system_same70.o
 .debug_abbrev  0x0000247a      0x37b src/main.o

.debug_loc      0x00000000     0x4fc9
 .debug_loc     0x00000000      0x630 src/ASF/sam/drivers/spi/spi.o
 .debug_loc     0x00000630      0x2bc src/oled/gfx_mono_framebuffer.o
 .debug_loc     0x000008ec      0x280 src/oled/gfx_mono_generic.o
 .debug_loc     0x00000b6c      0x1f8 src/oled/gfx_mono_text.o
 .debug_loc     0x00000d64      0x3c0 src/oled/gfx_mono_ug_2832hsweg04.o
 .debug_loc     0x00001124      0x6e8 src/oled/ssd1306.o
 .debug_loc     0x0000180c      0x4a0 src/ASF/common/services/clock/same70/sysclk.o
 .debug_loc     0x00001cac       0xa0 src/ASF/common/utils/interrupt/interrupt_sam_nvic.o
 .debug_loc     0x00001d4c     0x1174 src/ASF/sam/drivers/pio/pio.o
 .debug_loc     0x00002ec0      0x38c src/ASF/sam/drivers/pio/pio_handler.o
 .debug_loc     0x0000324c     0x172c src/ASF/sam/drivers/pmc/pmc.o
 .debug_loc     0x00004978      0x16c src/ASF/sam/utils/cmsis/same70/source/templates/gcc/startup_same70.o
 .debug_loc     0x00004ae4       0xe4 src/ASF/sam/utils/cmsis/same70/source/templates/system_same70.o
 .debug_loc     0x00004bc8      0x401 src/main.o

.debug_aranges  0x00000000      0x958
 .debug_aranges
                0x00000000       0xa8 src/ASF/sam/drivers/spi/spi.o
 .debug_aranges
                0x000000a8       0x58 src/oled/gfx_mono_framebuffer.o
 .debug_aranges
                0x00000100       0x58 src/oled/gfx_mono_generic.o
 .debug_aranges
                0x00000158       0x48 src/oled/gfx_mono_text.o
 .debug_aranges
                0x000001a0       0x78 src/oled/gfx_mono_ug_2832hsweg04.o
 .debug_aranges
                0x00000218       0xd0 src/oled/ssd1306.o
 .debug_aranges
                0x000002e8       0x18 src/oled/sysfont.o
 .debug_aranges
                0x00000300       0x20 src/ASF/common/services/delay/sam/cycle_counter.o
 .debug_aranges
                0x00000320       0x98 src/ASF/common/services/clock/same70/sysclk.o
 .debug_aranges
                0x000003b8       0x28 src/ASF/common/utils/interrupt/interrupt_sam_nvic.o
 .debug_aranges
                0x000003e0      0x1a8 src/ASF/sam/drivers/pio/pio.o
 .debug_aranges
                0x00000588       0x80 src/ASF/sam/drivers/pio/pio_handler.o
 .debug_aranges
                0x00000608      0x250 src/ASF/sam/drivers/pmc/pmc.o
 .debug_aranges
                0x00000858       0x40 src/ASF/sam/utils/cmsis/same70/source/templates/gcc/startup_same70.o
 .debug_aranges
                0x00000898       0x30 src/ASF/sam/utils/cmsis/same70/source/templates/system_same70.o
 .debug_aranges
                0x000008c8       0x90 src/main.o

.debug_ranges   0x00000000      0x898
 .debug_ranges  0x00000000       0x98 src/ASF/sam/drivers/spi/spi.o
 .debug_ranges  0x00000098       0x48 src/oled/gfx_mono_framebuffer.o
 .debug_ranges  0x000000e0       0x48 src/oled/gfx_mono_generic.o
 .debug_ranges  0x00000128       0x38 src/oled/gfx_mono_text.o
 .debug_ranges  0x00000160       0x68 src/oled/gfx_mono_ug_2832hsweg04.o
 .debug_ranges  0x000001c8      0x108 src/oled/ssd1306.o
 .debug_ranges  0x000002d0       0x10 src/ASF/common/services/delay/sam/cycle_counter.o
 .debug_ranges  0x000002e0       0x88 src/ASF/common/services/clock/same70/sysclk.o
 .debug_ranges  0x00000368       0x18 src/ASF/common/utils/interrupt/interrupt_sam_nvic.o
 .debug_ranges  0x00000380      0x198 src/ASF/sam/drivers/pio/pio.o
 .debug_ranges  0x00000518       0x70 src/ASF/sam/drivers/pio/pio_handler.o
 .debug_ranges  0x00000588      0x240 src/ASF/sam/drivers/pmc/pmc.o
 .debug_ranges  0x000007c8       0x30 src/ASF/sam/utils/cmsis/same70/source/templates/gcc/startup_same70.o
 .debug_ranges  0x000007f8       0x20 src/ASF/sam/utils/cmsis/same70/source/templates/system_same70.o
 .debug_ranges  0x00000818       0x80 src/main.o

.debug_macro    0x00000000     0x8bd8
 .debug_macro   0x00000000      0x6d9 src/ASF/sam/drivers/spi/spi.o
 .debug_macro   0x000006d9       0x10 src/ASF/sam/drivers/spi/spi.o
 .debug_macro   0x000006e9       0x3a src/ASF/sam/drivers/spi/spi.o
 .debug_macro   0x00000723      0x2c6 src/ASF/sam/drivers/spi/spi.o
 .debug_macro   0x000009e9      0xa96 src/ASF/sam/drivers/spi/spi.o
 .debug_macro   0x0000147f       0x70 src/ASF/sam/drivers/spi/spi.o
 .debug_macro   0x000014ef       0x64 src/ASF/sam/drivers/spi/spi.o
 .debug_macro   0x00001553       0x5f src/ASF/sam/drivers/spi/spi.o
 .debug_macro   0x000015b2       0xac src/ASF/sam/drivers/spi/spi.o
 .debug_macro   0x0000165e      0x7e6 src/oled/gfx_mono_framebuffer.o
 .debug_macro   0x00001e44       0x50 src/oled/gfx_mono_framebuffer.o
 .debug_macro   0x00001e94       0x22 src/oled/gfx_mono_framebuffer.o
 .debug_macro   0x00001eb6       0x7b src/oled/gfx_mono_framebuffer.o
 .debug_macro   0x00001f31       0x28 src/oled/gfx_mono_framebuffer.o
 .debug_macro   0x00001f59       0x23 src/oled/gfx_mono_framebuffer.o
 .debug_macro   0x00001f7c       0x94 src/oled/gfx_mono_framebuffer.o
 .debug_macro   0x00002010       0x40 src/oled/gfx_mono_framebuffer.o
 .debug_macro   0x00002050       0x88 src/oled/gfx_mono_framebuffer.o
 .debug_macro   0x000020d8      0x1ce src/oled/gfx_mono_framebuffer.o
 .debug_macro   0x000022a6       0x34 src/oled/gfx_mono_framebuffer.o
 .debug_macro   0x000022da       0x16 src/oled/gfx_mono_framebuffer.o
 .debug_macro   0x000022f0       0x1c src/oled/gfx_mono_framebuffer.o
 .debug_macro   0x0000230c       0x16 src/oled/gfx_mono_framebuffer.o
 .debug_macro   0x00002322       0x28 src/oled/gfx_mono_framebuffer.o
 .debug_macro   0x0000234a       0xd1 src/oled/gfx_mono_framebuffer.o
 .debug_macro   0x0000241b       0x8b src/oled/gfx_mono_framebuffer.o
 .debug_macro   0x000024a6      0x7e6 src/oled/gfx_mono_generic.o
 .debug_macro   0x00002c8c      0x7ff src/oled/gfx_mono_text.o
 .debug_macro   0x0000348b      0x7ea src/oled/gfx_mono_ug_2832hsweg04.o
 .debug_macro   0x00003c75       0x28 src/oled/gfx_mono_ug_2832hsweg04.o
 .debug_macro   0x00003c9d      0x7c0 src/oled/ssd1306.o
 .debug_macro   0x0000445d      0x69c src/oled/sysfont.o
 .debug_macro   0x00004af9       0x3a src/oled/sysfont.o
 .debug_macro   0x00004b33      0x665 src/ASF/common/services/delay/sam/cycle_counter.o
 .debug_macro   0x00005198       0x22 src/ASF/common/services/delay/sam/cycle_counter.o
 .debug_macro   0x000051ba      0x6d1 src/ASF/common/services/clock/same70/sysclk.o
 .debug_macro   0x0000588b      0x2c0 src/ASF/common/services/clock/same70/sysclk.o
 .debug_macro   0x00005b4b      0x655 src/ASF/common/utils/interrupt/interrupt_sam_nvic.o
 .debug_macro   0x000061a0      0x66b src/ASF/sam/drivers/pio/pio.o
 .debug_macro   0x0000680b       0x8e src/ASF/sam/drivers/pio/pio.o
 .debug_macro   0x00006899      0x676 src/ASF/sam/drivers/pio/pio_handler.o
 .debug_macro   0x00006f0f      0x66b src/ASF/sam/drivers/pmc/pmc.o
 .debug_macro   0x0000757a       0x6a src/ASF/sam/drivers/pmc/pmc.o
 .debug_macro   0x000075e4      0x664 src/ASF/sam/utils/cmsis/same70/source/templates/gcc/startup_same70.o
 .debug_macro   0x00007c48       0x10 src/ASF/sam/utils/cmsis/same70/source/templates/gcc/startup_same70.o
 .debug_macro   0x00007c58      0x455 src/ASF/sam/utils/cmsis/same70/source/templates/system_same70.o
 .debug_macro   0x000080ad      0x8f7 src/main.o
 .debug_macro   0x000089a4      0x234 src/main.o

.debug_line     0x00000000     0xcfde
 .debug_line    0x00000000      0xc9d src/ASF/sam/drivers/spi/spi.o
 .debug_line    0x00000c9d      0xe96 src/oled/gfx_mono_framebuffer.o
 .debug_line    0x00001b33      0xf5b src/oled/gfx_mono_generic.o
 .debug_line    0x00002a8e      0xeb9 src/oled/gfx_mono_text.o
 .debug_line    0x00003947      0xf43 src/oled/gfx_mono_ug_2832hsweg04.o
 .debug_line    0x0000488a     0x1002 src/oled/ssd1306.o
 .debug_line    0x0000588c      0xa1b src/oled/sysfont.o
 .debug_line    0x000062a7      0x9ed src/ASF/common/services/delay/sam/cycle_counter.o
 .debug_line    0x00006c94      0xc67 src/ASF/common/services/clock/same70/sysclk.o
 .debug_line    0x000078fb      0xa09 src/ASF/common/utils/interrupt/interrupt_sam_nvic.o
 .debug_line    0x00008304      0xe17 src/ASF/sam/drivers/pio/pio.o
 .debug_line    0x0000911b      0xb18 src/ASF/sam/drivers/pio/pio_handler.o
 .debug_line    0x00009c33     0x10dc src/ASF/sam/drivers/pmc/pmc.o
 .debug_line    0x0000ad0f      0xac0 src/ASF/sam/utils/cmsis/same70/source/templates/gcc/startup_same70.o
 .debug_line    0x0000b7cf      0x820 src/ASF/sam/utils/cmsis/same70/source/templates/system_same70.o
 .debug_line    0x0000bfef      0xfef src/main.o

.debug_str      0x00000000    0x8fb48
 .debug_str     0x00000000    0x85e34 src/ASF/sam/drivers/spi/spi.o
                              0x864f1 (size before relaxing)
 .debug_str     0x00085e34     0x2ade src/oled/gfx_mono_framebuffer.o
                              0x88bed (size before relaxing)
 .debug_str     0x00088912      0x25c src/oled/gfx_mono_generic.o
                              0x88d31 (size before relaxing)
 .debug_str     0x00088b6e      0x266 src/oled/gfx_mono_text.o
                              0x88d0c (size before relaxing)
 .debug_str     0x00088dd4      0x11c src/oled/gfx_mono_ug_2832hsweg04.o
                              0x88ccd (size before relaxing)
 .debug_str     0x00088ef0      0x612 src/oled/ssd1306.o
                              0x88905 (size before relaxing)
 .debug_str     0x00089502     0x3ee1 src/oled/sysfont.o
                              0x86123 (size before relaxing)
 .debug_str     0x0008d3e3       0x35 src/ASF/common/services/delay/sam/cycle_counter.o
                              0x82057 (size before relaxing)
 .debug_str     0x0008d418      0x454 src/ASF/common/services/clock/same70/sysclk.o
                              0x865d8 (size before relaxing)
 .debug_str     0x0008d86c       0x94 src/ASF/common/utils/interrupt/interrupt_sam_nvic.o
                              0x81f27 (size before relaxing)
 .debug_str     0x0008d900      0x57b src/ASF/sam/drivers/pio/pio.o
                              0x82a7d (size before relaxing)
 .debug_str     0x0008de7b      0x586 src/ASF/sam/drivers/pio/pio_handler.o
                              0x82b9f (size before relaxing)
 .debug_str     0x0008e401      0x63c src/ASF/sam/drivers/pmc/pmc.o
                              0x82be1 (size before relaxing)
 .debug_str     0x0008ea3d      0x652 src/ASF/sam/utils/cmsis/same70/source/templates/gcc/startup_same70.o
                              0x826f4 (size before relaxing)
 .debug_str     0x0008f08f      0x172 src/ASF/sam/utils/cmsis/same70/source/templates/system_same70.o
                              0x72800 (size before relaxing)
 .debug_str     0x0008f201      0x947 src/main.o
                              0x8d9dc (size before relaxing)

.debug_frame    0x00000000     0x29cc
 .debug_frame   0x00000000      0x2c8 src/ASF/sam/drivers/spi/spi.o
 .debug_frame   0x000002c8      0x148 src/oled/gfx_mono_framebuffer.o
 .debug_frame   0x00000410      0x150 src/oled/gfx_mono_generic.o
 .debug_frame   0x00000560       0xfc src/oled/gfx_mono_text.o
 .debug_frame   0x0000065c      0x1dc src/oled/gfx_mono_ug_2832hsweg04.o
 .debug_frame   0x00000838      0x360 src/oled/ssd1306.o
 .debug_frame   0x00000b98       0x20 src/ASF/common/services/delay/sam/cycle_counter.o
 .debug_frame   0x00000bb8      0x240 src/ASF/common/services/clock/same70/sysclk.o
 .debug_frame   0x00000df8       0x58 src/ASF/common/utils/interrupt/interrupt_sam_nvic.o
 .debug_frame   0x00000e50      0x7c0 src/ASF/sam/drivers/pio/pio.o
 .debug_frame   0x00001610      0x1d0 src/ASF/sam/drivers/pio/pio_handler.o
 .debug_frame   0x000017e0      0xa60 src/ASF/sam/drivers/pmc/pmc.o
 .debug_frame   0x00002240       0xbc src/ASF/sam/utils/cmsis/same70/source/templates/gcc/startup_same70.o
 .debug_frame   0x000022fc       0x78 src/ASF/sam/utils/cmsis/same70/source/templates/system_same70.o
 .debug_frame   0x00002374      0x228 src/main.o
 .debug_frame   0x0000259c       0xac c:/program files (x86)/atmel/studio/7.0/toolchain/arm/arm-gnu-toolchain/bin/../lib/gcc/arm-none-eabi/6.3.1/thumb/v7e-m\libgcc.a(_arm_addsubdf3.o)
 .debug_frame   0x00002648       0x50 c:/program files (x86)/atmel/studio/7.0/toolchain/arm/arm-gnu-toolchain/bin/../lib/gcc/arm-none-eabi/6.3.1/thumb/v7e-m\libgcc.a(_arm_muldivdf3.o)
 .debug_frame   0x00002698       0xc4 c:/program files (x86)/atmel/studio/7.0/toolchain/arm/arm-gnu-toolchain/bin/../lib/gcc/arm-none-eabi/6.3.1/thumb/v7e-m\libgcc.a(_arm_cmpdf2.o)
 .debug_frame   0x0000275c       0x2c c:/program files (x86)/atmel/studio/7.0/toolchain/arm/arm-gnu-toolchain/bin/../lib/gcc/arm-none-eabi/6.3.1/thumb/v7e-m\libgcc.a(_aeabi_uldivmod.o)
 .debug_frame   0x00002788       0x2c c:/program files (x86)/atmel/studio/7.0/toolchain/arm/arm-gnu-toolchain/bin/../lib/gcc/arm-none-eabi/6.3.1/thumb/v7e-m\libgcc.a(_fixunsdfdi.o)
 .debug_frame   0x000027b4       0x34 c:/program files (x86)/atmel/studio/7.0/toolchain/arm/arm-gnu-toolchain/bin/../lib/gcc/arm-none-eabi/6.3.1/thumb/v7e-m\libgcc.a(_udivmoddi4.o)
 .debug_frame   0x000027e8       0x24 c:/program files (x86)/atmel/studio/7.0/toolchain/arm/arm-gnu-toolchain/bin/../lib/gcc/arm-none-eabi/6.3.1/thumb/v7e-m\libgcc.a(_arm_fixunsdfsi.o)
 .debug_frame   0x0000280c       0x2c c:/program files (x86)/atmel/studio/7.0/toolchain/arm/arm-gnu-toolchain/bin/../lib/gcc/arm-none-eabi/6.3.1/../../../../arm-none-eabi/lib/thumb/v7e-m\libc.a(lib_a-init.o)
 .debug_frame   0x00002838       0x5c c:/program files (x86)/atmel/studio/7.0/toolchain/arm/arm-gnu-toolchain/bin/../lib/gcc/arm-none-eabi/6.3.1/../../../../arm-none-eabi/lib/thumb/v7e-m\libc.a(lib_a-__call_atexit.o)
 .debug_frame   0x00002894       0x20 c:/program files (x86)/atmel/studio/7.0/toolchain/arm/arm-gnu-toolchain/bin/../lib/gcc/arm-none-eabi/6.3.1/../../../../arm-none-eabi/lib/thumb/v7e-m\libc.a(lib_a-atexit.o)
 .debug_frame   0x000028b4       0x34 c:/program files (x86)/atmel/studio/7.0/toolchain/arm/arm-gnu-toolchain/bin/../lib/gcc/arm-none-eabi/6.3.1/../../../../arm-none-eabi/lib/thumb/v7e-m\libc.a(lib_a-fini.o)
 .debug_frame   0x000028e8       0xb0 c:/program files (x86)/atmel/studio/7.0/toolchain/arm/arm-gnu-toolchain/bin/../lib/gcc/arm-none-eabi/6.3.1/../../../../arm-none-eabi/lib/thumb/v7e-m\libc.a(lib_a-lock.o)
 .debug_frame   0x00002998       0x34 c:/program files (x86)/atmel/studio/7.0/toolchain/arm/arm-gnu-toolchain/bin/../lib/gcc/arm-none-eabi/6.3.1/../../../../arm-none-eabi/lib/thumb/v7e-m\libc.a(lib_a-__atexit.o)

Cross Reference Table

Symbol                                            File
ACC_Handler                                       src/ASF/sam/utils/cmsis/same70/source/templates/gcc/startup_same70.o
AES_Handler                                       src/ASF/sam/utils/cmsis/same70/source/templates/gcc/startup_same70.o
AFEC0_Handler                                     src/ASF/sam/utils/cmsis/same70/source/templates/gcc/startup_same70.o
AFEC1_Handler                                     src/ASF/sam/utils/cmsis/same70/source/templates/gcc/startup_same70.o
BusFault_Handler                                  src/ASF/sam/utils/cmsis/same70/source/templates/gcc/startup_same70.o
Button1_Handler                                   src/main.o
Button2_Handler                                   src/main.o
Button3_Handler                                   src/main.o
Button4_Handler                                   src/main.o
DACC_Handler                                      src/ASF/sam/utils/cmsis/same70/source/templates/gcc/startup_same70.o
DebugMon_Handler                                  src/ASF/sam/utils/cmsis/same70/source/templates/gcc/startup_same70.o
Dummy_Handler                                     src/ASF/sam/utils/cmsis/same70/source/templates/gcc/startup_same70.o
EFC_Handler                                       src/ASF/sam/utils/cmsis/same70/source/templates/gcc/startup_same70.o
GMAC_Handler                                      src/ASF/sam/utils/cmsis/same70/source/templates/gcc/startup_same70.o
HSMCI_Handler                                     src/ASF/sam/utils/cmsis/same70/source/templates/gcc/startup_same70.o
HardFault_Handler                                 src/ASF/sam/utils/cmsis/same70/source/templates/gcc/startup_same70.o
ICM_Handler                                       src/ASF/sam/utils/cmsis/same70/source/templates/gcc/startup_same70.o
ISI_Handler                                       src/ASF/sam/utils/cmsis/same70/source/templates/gcc/startup_same70.o
LED_init                                          src/main.o
MCAN0_Handler                                     src/ASF/sam/utils/cmsis/same70/source/templates/gcc/startup_same70.o
MCAN1_Handler                                     src/ASF/sam/utils/cmsis/same70/source/templates/gcc/startup_same70.o
MemManage_Handler                                 src/ASF/sam/utils/cmsis/same70/source/templates/gcc/startup_same70.o
NMI_Handler                                       src/ASF/sam/utils/cmsis/same70/source/templates/gcc/startup_same70.o
PIOA_Handler                                      src/ASF/sam/drivers/pio/pio_handler.o
PIOB_Handler                                      src/ASF/sam/drivers/pio/pio_handler.o
PIOC_Handler                                      src/ASF/sam/drivers/pio/pio_handler.o
PIOD_Handler                                      src/ASF/sam/drivers/pio/pio_handler.o
PIOE_Handler                                      src/ASF/sam/drivers/pio/pio_handler.o
PMC_Handler                                       src/ASF/sam/utils/cmsis/same70/source/templates/gcc/startup_same70.o
PWM0_Handler                                      src/ASF/sam/utils/cmsis/same70/source/templates/gcc/startup_same70.o
PWM1_Handler                                      src/ASF/sam/utils/cmsis/same70/source/templates/gcc/startup_same70.o
PendSV_Handler                                    src/ASF/sam/utils/cmsis/same70/source/templates/gcc/startup_same70.o
QSPI_Handler                                      src/ASF/sam/utils/cmsis/same70/source/templates/gcc/startup_same70.o
RSTC_Handler                                      src/ASF/sam/utils/cmsis/same70/source/templates/gcc/startup_same70.o
RSWDT_Handler                                     src/ASF/sam/utils/cmsis/same70/source/templates/gcc/startup_same70.o
RTC_Handler                                       src/ASF/sam/utils/cmsis/same70/source/templates/gcc/startup_same70.o
RTT_Handler                                       src/ASF/sam/utils/cmsis/same70/source/templates/gcc/startup_same70.o
Reset_Handler                                     src/ASF/sam/utils/cmsis/same70/source/templates/gcc/startup_same70.o
SDRAMC_Handler                                    src/ASF/sam/utils/cmsis/same70/source/templates/gcc/startup_same70.o
SPI0_Handler                                      src/ASF/sam/utils/cmsis/same70/source/templates/gcc/startup_same70.o
SPI1_Handler                                      src/ASF/sam/utils/cmsis/same70/source/templates/gcc/startup_same70.o
SSC_Handler                                       src/ASF/sam/utils/cmsis/same70/source/templates/gcc/startup_same70.o
SUPC_Handler                                      src/ASF/sam/utils/cmsis/same70/source/templates/gcc/startup_same70.o
SVC_Handler                                       src/ASF/sam/utils/cmsis/same70/source/templates/gcc/startup_same70.o
SysTick_Handler                                   src/ASF/sam/utils/cmsis/same70/source/templates/gcc/startup_same70.o
SystemCoreClock                                   src/ASF/sam/utils/cmsis/same70/source/templates/system_same70.o
SystemCoreClockUpdate                             src/ASF/sam/utils/cmsis/same70/source/templates/system_same70.o
                                                  src/ASF/common/services/clock/same70/sysclk.o
SystemInit                                        src/ASF/sam/utils/cmsis/same70/source/templates/system_same70.o
TC0_Handler                                       src/ASF/sam/utils/cmsis/same70/source/templates/gcc/startup_same70.o
TC10_Handler                                      src/ASF/sam/utils/cmsis/same70/source/templates/gcc/startup_same70.o
TC11_Handler                                      src/ASF/sam/utils/cmsis/same70/source/templates/gcc/startup_same70.o
TC1_Handler                                       src/ASF/sam/utils/cmsis/same70/source/templates/gcc/startup_same70.o
TC2_Handler                                       src/ASF/sam/utils/cmsis/same70/source/templates/gcc/startup_same70.o
TC3_Handler                                       src/ASF/sam/utils/cmsis/same70/source/templates/gcc/startup_same70.o
TC4_Handler                                       src/ASF/sam/utils/cmsis/same70/source/templates/gcc/startup_same70.o
TC5_Handler                                       src/ASF/sam/utils/cmsis/same70/source/templates/gcc/startup_same70.o
TC6_Handler                                       src/ASF/sam/utils/cmsis/same70/source/templates/gcc/startup_same70.o
TC7_Handler                                       src/ASF/sam/utils/cmsis/same70/source/templates/gcc/startup_same70.o
TC8_Handler                                       src/ASF/sam/utils/cmsis/same70/source/templates/gcc/startup_same70.o
TC9_Handler                                       src/ASF/sam/utils/cmsis/same70/source/templates/gcc/startup_same70.o
TRNG_Handler                                      src/ASF/sam/utils/cmsis/same70/source/templates/gcc/startup_same70.o
TWIHS0_Handler                                    src/ASF/sam/utils/cmsis/same70/source/templates/gcc/startup_same70.o
TWIHS1_Handler                                    src/ASF/sam/utils/cmsis/same70/source/templates/gcc/startup_same70.o
TWIHS2_Handler                                    src/ASF/sam/utils/cmsis/same70/source/templates/gcc/startup_same70.o
UART0_Handler                                     src/ASF/sam/utils/cmsis/same70/source/templates/gcc/startup_same70.o
UART1_Handler                                     src/ASF/sam/utils/cmsis/same70/source/templates/gcc/startup_same70.o
UART2_Handler                                     src/ASF/sam/utils/cmsis/same70/source/templates/gcc/startup_same70.o
UART3_Handler                                     src/ASF/sam/utils/cmsis/same70/source/templates/gcc/startup_same70.o
UART4_Handler                                     src/ASF/sam/utils/cmsis/same70/source/templates/gcc/startup_same70.o
USART0_Handler                                    src/ASF/sam/utils/cmsis/same70/source/templates/gcc/startup_same70.o
USART1_Handler                                    src/ASF/sam/utils/cmsis/same70/source/templates/gcc/startup_same70.o
USART2_Handler                                    src/ASF/sam/utils/cmsis/same70/source/templates/gcc/startup_same70.o
USBHS_Handler                                     src/ASF/sam/utils/cmsis/same70/source/templates/gcc/startup_same70.o
UsageFault_Handler                                src/ASF/sam/utils/cmsis/same70/source/templates/gcc/startup_same70.o
WDT_Handler                                       src/ASF/sam/utils/cmsis/same70/source/templates/gcc/startup_same70.o
XDMAC_Handler                                     src/ASF/sam/utils/cmsis/same70/source/templates/gcc/startup_same70.o
_Jv_RegisterClasses                               c:/program files (x86)/atmel/studio/7.0/toolchain/arm/arm-gnu-toolchain/bin/../lib/gcc/arm-none-eabi/6.3.1/thumb/v7e-m/crtbegin.o
__adddf3                                          c:/program files (x86)/atmel/studio/7.0/toolchain/arm/arm-gnu-toolchain/bin/../lib/gcc/arm-none-eabi/6.3.1/thumb/v7e-m\libgcc.a(_arm_addsubdf3.o)
__aeabi_cdcmpeq                                   c:/program files (x86)/atmel/studio/7.0/toolchain/arm/arm-gnu-toolchain/bin/../lib/gcc/arm-none-eabi/6.3.1/thumb/v7e-m\libgcc.a(_arm_cmpdf2.o)
__aeabi_cdcmple                                   c:/program files (x86)/atmel/studio/7.0/toolchain/arm/arm-gnu-toolchain/bin/../lib/gcc/arm-none-eabi/6.3.1/thumb/v7e-m\libgcc.a(_arm_cmpdf2.o)
__aeabi_cdrcmple                                  c:/program files (x86)/atmel/studio/7.0/toolchain/arm/arm-gnu-toolchain/bin/../lib/gcc/arm-none-eabi/6.3.1/thumb/v7e-m\libgcc.a(_arm_cmpdf2.o)
__aeabi_d2uiz                                     c:/program files (x86)/atmel/studio/7.0/toolchain/arm/arm-gnu-toolchain/bin/../lib/gcc/arm-none-eabi/6.3.1/thumb/v7e-m\libgcc.a(_arm_fixunsdfsi.o)
                                                  c:/program files (x86)/atmel/studio/7.0/toolchain/arm/arm-gnu-toolchain/bin/../lib/gcc/arm-none-eabi/6.3.1/thumb/v7e-m\libgcc.a(_fixunsdfdi.o)
__aeabi_d2ulz                                     c:/program files (x86)/atmel/studio/7.0/toolchain/arm/arm-gnu-toolchain/bin/../lib/gcc/arm-none-eabi/6.3.1/thumb/v7e-m\libgcc.a(_fixunsdfdi.o)
                                                  src/main.o
__aeabi_dadd                                      c:/program files (x86)/atmel/studio/7.0/toolchain/arm/arm-gnu-toolchain/bin/../lib/gcc/arm-none-eabi/6.3.1/thumb/v7e-m\libgcc.a(_arm_addsubdf3.o)
                                                  src/main.o
__aeabi_dcmpeq                                    c:/program files (x86)/atmel/studio/7.0/toolchain/arm/arm-gnu-toolchain/bin/../lib/gcc/arm-none-eabi/6.3.1/thumb/v7e-m\libgcc.a(_arm_cmpdf2.o)
                                                  src/main.o
__aeabi_dcmpge                                    c:/program files (x86)/atmel/studio/7.0/toolchain/arm/arm-gnu-toolchain/bin/../lib/gcc/arm-none-eabi/6.3.1/thumb/v7e-m\libgcc.a(_arm_cmpdf2.o)
__aeabi_dcmpgt                                    c:/program files (x86)/atmel/studio/7.0/toolchain/arm/arm-gnu-toolchain/bin/../lib/gcc/arm-none-eabi/6.3.1/thumb/v7e-m\libgcc.a(_arm_cmpdf2.o)
                                                  src/main.o
__aeabi_dcmple                                    c:/program files (x86)/atmel/studio/7.0/toolchain/arm/arm-gnu-toolchain/bin/../lib/gcc/arm-none-eabi/6.3.1/thumb/v7e-m\libgcc.a(_arm_cmpdf2.o)
__aeabi_dcmplt                                    c:/program files (x86)/atmel/studio/7.0/toolchain/arm/arm-gnu-toolchain/bin/../lib/gcc/arm-none-eabi/6.3.1/thumb/v7e-m\libgcc.a(_arm_cmpdf2.o)
__aeabi_ddiv                                      c:/program files (x86)/atmel/studio/7.0/toolchain/arm/arm-gnu-toolchain/bin/../lib/gcc/arm-none-eabi/6.3.1/thumb/v7e-m\libgcc.a(_arm_muldivdf3.o)
                                                  src/main.o
__aeabi_dmul                                      c:/program files (x86)/atmel/studio/7.0/toolchain/arm/arm-gnu-toolchain/bin/../lib/gcc/arm-none-eabi/6.3.1/thumb/v7e-m\libgcc.a(_arm_muldivdf3.o)
                                                  c:/program files (x86)/atmel/studio/7.0/toolchain/arm/arm-gnu-toolchain/bin/../lib/gcc/arm-none-eabi/6.3.1/thumb/v7e-m\libgcc.a(_fixunsdfdi.o)
                                                  src/main.o
__aeabi_drsub                                     c:/program files (x86)/atmel/studio/7.0/toolchain/arm/arm-gnu-toolchain/bin/../lib/gcc/arm-none-eabi/6.3.1/thumb/v7e-m\libgcc.a(_arm_addsubdf3.o)
__aeabi_dsub                                      c:/program files (x86)/atmel/studio/7.0/toolchain/arm/arm-gnu-toolchain/bin/../lib/gcc/arm-none-eabi/6.3.1/thumb/v7e-m\libgcc.a(_arm_addsubdf3.o)
                                                  c:/program files (x86)/atmel/studio/7.0/toolchain/arm/arm-gnu-toolchain/bin/../lib/gcc/arm-none-eabi/6.3.1/thumb/v7e-m\libgcc.a(_fixunsdfdi.o)
__aeabi_f2d                                       c:/program files (x86)/atmel/studio/7.0/toolchain/arm/arm-gnu-toolchain/bin/../lib/gcc/arm-none-eabi/6.3.1/thumb/v7e-m\libgcc.a(_arm_addsubdf3.o)
__aeabi_i2d                                       c:/program files (x86)/atmel/studio/7.0/toolchain/arm/arm-gnu-toolchain/bin/../lib/gcc/arm-none-eabi/6.3.1/thumb/v7e-m\libgcc.a(_arm_addsubdf3.o)
                                                  src/main.o
__aeabi_idiv0                                     c:/program files (x86)/atmel/studio/7.0/toolchain/arm/arm-gnu-toolchain/bin/../lib/gcc/arm-none-eabi/6.3.1/thumb/v7e-m\libgcc.a(_dvmd_tls.o)
__aeabi_l2d                                       c:/program files (x86)/atmel/studio/7.0/toolchain/arm/arm-gnu-toolchain/bin/../lib/gcc/arm-none-eabi/6.3.1/thumb/v7e-m\libgcc.a(_arm_addsubdf3.o)
__aeabi_ldiv0                                     c:/program files (x86)/atmel/studio/7.0/toolchain/arm/arm-gnu-toolchain/bin/../lib/gcc/arm-none-eabi/6.3.1/thumb/v7e-m\libgcc.a(_dvmd_tls.o)
                                                  c:/program files (x86)/atmel/studio/7.0/toolchain/arm/arm-gnu-toolchain/bin/../lib/gcc/arm-none-eabi/6.3.1/thumb/v7e-m\libgcc.a(_aeabi_uldivmod.o)
__aeabi_ui2d                                      c:/program files (x86)/atmel/studio/7.0/toolchain/arm/arm-gnu-toolchain/bin/../lib/gcc/arm-none-eabi/6.3.1/thumb/v7e-m\libgcc.a(_arm_addsubdf3.o)
                                                  c:/program files (x86)/atmel/studio/7.0/toolchain/arm/arm-gnu-toolchain/bin/../lib/gcc/arm-none-eabi/6.3.1/thumb/v7e-m\libgcc.a(_fixunsdfdi.o)
__aeabi_ul2d                                      c:/program files (x86)/atmel/studio/7.0/toolchain/arm/arm-gnu-toolchain/bin/../lib/gcc/arm-none-eabi/6.3.1/thumb/v7e-m\libgcc.a(_arm_addsubdf3.o)
__aeabi_uldivmod                                  c:/program files (x86)/atmel/studio/7.0/toolchain/arm/arm-gnu-toolchain/bin/../lib/gcc/arm-none-eabi/6.3.1/thumb/v7e-m\libgcc.a(_aeabi_uldivmod.o)
                                                  src/main.o
                                                  src/oled/ssd1306.o
__atexit_recursive_mutex                          c:/program files (x86)/atmel/studio/7.0/toolchain/arm/arm-gnu-toolchain/bin/../lib/gcc/arm-none-eabi/6.3.1/../../../../arm-none-eabi/lib/thumb/v7e-m\libc.a(lib_a-__call_atexit.o)
                                                  c:/program files (x86)/atmel/studio/7.0/toolchain/arm/arm-gnu-toolchain/bin/../lib/gcc/arm-none-eabi/6.3.1/../../../../arm-none-eabi/lib/thumb/v7e-m\libc.a(lib_a-__atexit.o)
__bss_end__                                       c:/program files (x86)/atmel/studio/7.0/toolchain/arm/arm-gnu-toolchain/bin/../lib/gcc/arm-none-eabi/6.3.1/../../../../arm-none-eabi/lib/thumb/v7e-m/crt0.o
__bss_start__                                     c:/program files (x86)/atmel/studio/7.0/toolchain/arm/arm-gnu-toolchain/bin/../lib/gcc/arm-none-eabi/6.3.1/../../../../arm-none-eabi/lib/thumb/v7e-m/crt0.o
__call_exitprocs                                  c:/program files (x86)/atmel/studio/7.0/toolchain/arm/arm-gnu-toolchain/bin/../lib/gcc/arm-none-eabi/6.3.1/../../../../arm-none-eabi/lib/thumb/v7e-m\libc.a(lib_a-__call_atexit.o)
                                                  c:/program files (x86)/atmel/studio/7.0/toolchain/arm/arm-gnu-toolchain/bin/../lib/gcc/arm-none-eabi/6.3.1/../../../../arm-none-eabi/lib/thumb/v7e-m\libc.a(lib_a-exit.o)
__cmpdf2                                          c:/program files (x86)/atmel/studio/7.0/toolchain/arm/arm-gnu-toolchain/bin/../lib/gcc/arm-none-eabi/6.3.1/thumb/v7e-m\libgcc.a(_arm_cmpdf2.o)
__deregister_frame_info                           c:/program files (x86)/atmel/studio/7.0/toolchain/arm/arm-gnu-toolchain/bin/../lib/gcc/arm-none-eabi/6.3.1/thumb/v7e-m/crtbegin.o
__divdf3                                          c:/program files (x86)/atmel/studio/7.0/toolchain/arm/arm-gnu-toolchain/bin/../lib/gcc/arm-none-eabi/6.3.1/thumb/v7e-m\libgcc.a(_arm_muldivdf3.o)
__dso_handle                                      c:/program files (x86)/atmel/studio/7.0/toolchain/arm/arm-gnu-toolchain/bin/../lib/gcc/arm-none-eabi/6.3.1/thumb/v7e-m/crtbegin.o
__eqdf2                                           c:/program files (x86)/atmel/studio/7.0/toolchain/arm/arm-gnu-toolchain/bin/../lib/gcc/arm-none-eabi/6.3.1/thumb/v7e-m\libgcc.a(_arm_cmpdf2.o)
__extendsfdf2                                     c:/program files (x86)/atmel/studio/7.0/toolchain/arm/arm-gnu-toolchain/bin/../lib/gcc/arm-none-eabi/6.3.1/thumb/v7e-m\libgcc.a(_arm_addsubdf3.o)
__fini_array_end                                  c:/program files (x86)/atmel/studio/7.0/toolchain/arm/arm-gnu-toolchain/bin/../lib/gcc/arm-none-eabi/6.3.1/../../../../arm-none-eabi/lib/thumb/v7e-m\libc.a(lib_a-fini.o)
__fini_array_start                                c:/program files (x86)/atmel/studio/7.0/toolchain/arm/arm-gnu-toolchain/bin/../lib/gcc/arm-none-eabi/6.3.1/../../../../arm-none-eabi/lib/thumb/v7e-m\libc.a(lib_a-fini.o)
__fixunsdfdi                                      c:/program files (x86)/atmel/studio/7.0/toolchain/arm/arm-gnu-toolchain/bin/../lib/gcc/arm-none-eabi/6.3.1/thumb/v7e-m\libgcc.a(_fixunsdfdi.o)
__fixunsdfsi                                      c:/program files (x86)/atmel/studio/7.0/toolchain/arm/arm-gnu-toolchain/bin/../lib/gcc/arm-none-eabi/6.3.1/thumb/v7e-m\libgcc.a(_arm_fixunsdfsi.o)
__floatdidf                                       c:/program files (x86)/atmel/studio/7.0/toolchain/arm/arm-gnu-toolchain/bin/../lib/gcc/arm-none-eabi/6.3.1/thumb/v7e-m\libgcc.a(_arm_addsubdf3.o)
__floatsidf                                       c:/program files (x86)/atmel/studio/7.0/toolchain/arm/arm-gnu-toolchain/bin/../lib/gcc/arm-none-eabi/6.3.1/thumb/v7e-m\libgcc.a(_arm_addsubdf3.o)
__floatundidf                                     c:/program files (x86)/atmel/studio/7.0/toolchain/arm/arm-gnu-toolchain/bin/../lib/gcc/arm-none-eabi/6.3.1/thumb/v7e-m\libgcc.a(_arm_addsubdf3.o)
__floatunsidf                                     c:/program files (x86)/atmel/studio/7.0/toolchain/arm/arm-gnu-toolchain/bin/../lib/gcc/arm-none-eabi/6.3.1/thumb/v7e-m\libgcc.a(_arm_addsubdf3.o)
__gedf2                                           c:/program files (x86)/atmel/studio/7.0/toolchain/arm/arm-gnu-toolchain/bin/../lib/gcc/arm-none-eabi/6.3.1/thumb/v7e-m\libgcc.a(_arm_cmpdf2.o)
__gtdf2                                           c:/program files (x86)/atmel/studio/7.0/toolchain/arm/arm-gnu-toolchain/bin/../lib/gcc/arm-none-eabi/6.3.1/thumb/v7e-m\libgcc.a(_arm_cmpdf2.o)
__init_array_end                                  c:/program files (x86)/atmel/studio/7.0/toolchain/arm/arm-gnu-toolchain/bin/../lib/gcc/arm-none-eabi/6.3.1/../../../../arm-none-eabi/lib/thumb/v7e-m\libc.a(lib_a-init.o)
__init_array_start                                c:/program files (x86)/atmel/studio/7.0/toolchain/arm/arm-gnu-toolchain/bin/../lib/gcc/arm-none-eabi/6.3.1/../../../../arm-none-eabi/lib/thumb/v7e-m\libc.a(lib_a-init.o)
__ledf2                                           c:/program files (x86)/atmel/studio/7.0/toolchain/arm/arm-gnu-toolchain/bin/../lib/gcc/arm-none-eabi/6.3.1/thumb/v7e-m\libgcc.a(_arm_cmpdf2.o)
__libc_fini                                       c:/program files (x86)/atmel/studio/7.0/toolchain/arm/arm-gnu-toolchain/bin/../lib/gcc/arm-none-eabi/6.3.1/../../../../arm-none-eabi/lib/thumb/v7e-m\libc.a(lib_a-__call_atexit.o)
__libc_fini_array                                 c:/program files (x86)/atmel/studio/7.0/toolchain/arm/arm-gnu-toolchain/bin/../lib/gcc/arm-none-eabi/6.3.1/../../../../arm-none-eabi/lib/thumb/v7e-m\libc.a(lib_a-fini.o)
                                                  c:/program files (x86)/atmel/studio/7.0/toolchain/arm/arm-gnu-toolchain/bin/../lib/gcc/arm-none-eabi/6.3.1/../../../../arm-none-eabi/lib/thumb/v7e-m\libc.a(lib_a-__call_atexit.o)
                                                  c:/program files (x86)/atmel/studio/7.0/toolchain/arm/arm-gnu-toolchain/bin/../lib/gcc/arm-none-eabi/6.3.1/../../../../arm-none-eabi/lib/thumb/v7e-m/crt0.o
__libc_init_array                                 c:/program files (x86)/atmel/studio/7.0/toolchain/arm/arm-gnu-toolchain/bin/../lib/gcc/arm-none-eabi/6.3.1/../../../../arm-none-eabi/lib/thumb/v7e-m\libc.a(lib_a-init.o)
                                                  src/ASF/sam/utils/cmsis/same70/source/templates/gcc/startup_same70.o
                                                  c:/program files (x86)/atmel/studio/7.0/toolchain/arm/arm-gnu-toolchain/bin/../lib/gcc/arm-none-eabi/6.3.1/../../../../arm-none-eabi/lib/thumb/v7e-m/crt0.o
__lock___arc4random_mutex                         c:/program files (x86)/atmel/studio/7.0/toolchain/arm/arm-gnu-toolchain/bin/../lib/gcc/arm-none-eabi/6.3.1/../../../../arm-none-eabi/lib/thumb/v7e-m\libc.a(lib_a-lock.o)
__lock___at_quick_exit_mutex                      c:/program files (x86)/atmel/studio/7.0/toolchain/arm/arm-gnu-toolchain/bin/../lib/gcc/arm-none-eabi/6.3.1/../../../../arm-none-eabi/lib/thumb/v7e-m\libc.a(lib_a-lock.o)
__lock___atexit_recursive_mutex                   c:/program files (x86)/atmel/studio/7.0/toolchain/arm/arm-gnu-toolchain/bin/../lib/gcc/arm-none-eabi/6.3.1/../../../../arm-none-eabi/lib/thumb/v7e-m\libc.a(lib_a-lock.o)
                                                  c:/program files (x86)/atmel/studio/7.0/toolchain/arm/arm-gnu-toolchain/bin/../lib/gcc/arm-none-eabi/6.3.1/../../../../arm-none-eabi/lib/thumb/v7e-m\libc.a(lib_a-__call_atexit.o)
__lock___dd_hash_mutex                            c:/program files (x86)/atmel/studio/7.0/toolchain/arm/arm-gnu-toolchain/bin/../lib/gcc/arm-none-eabi/6.3.1/../../../../arm-none-eabi/lib/thumb/v7e-m\libc.a(lib_a-lock.o)
__lock___env_recursive_mutex                      c:/program files (x86)/atmel/studio/7.0/toolchain/arm/arm-gnu-toolchain/bin/../lib/gcc/arm-none-eabi/6.3.1/../../../../arm-none-eabi/lib/thumb/v7e-m\libc.a(lib_a-lock.o)
__lock___malloc_recursive_mutex                   c:/program files (x86)/atmel/studio/7.0/toolchain/arm/arm-gnu-toolchain/bin/../lib/gcc/arm-none-eabi/6.3.1/../../../../arm-none-eabi/lib/thumb/v7e-m\libc.a(lib_a-lock.o)
__lock___sfp_recursive_mutex                      c:/program files (x86)/atmel/studio/7.0/toolchain/arm/arm-gnu-toolchain/bin/../lib/gcc/arm-none-eabi/6.3.1/../../../../arm-none-eabi/lib/thumb/v7e-m\libc.a(lib_a-lock.o)
__lock___sinit_recursive_mutex                    c:/program files (x86)/atmel/studio/7.0/toolchain/arm/arm-gnu-toolchain/bin/../lib/gcc/arm-none-eabi/6.3.1/../../../../arm-none-eabi/lib/thumb/v7e-m\libc.a(lib_a-lock.o)
__lock___tz_mutex                                 c:/program files (x86)/atmel/studio/7.0/toolchain/arm/arm-gnu-toolchain/bin/../lib/gcc/arm-none-eabi/6.3.1/../../../../arm-none-eabi/lib/thumb/v7e-m\libc.a(lib_a-lock.o)
__ltdf2                                           c:/program files (x86)/atmel/studio/7.0/toolchain/arm/arm-gnu-toolchain/bin/../lib/gcc/arm-none-eabi/6.3.1/thumb/v7e-m\libgcc.a(_arm_cmpdf2.o)
__muldf3                                          c:/program files (x86)/atmel/studio/7.0/toolchain/arm/arm-gnu-toolchain/bin/../lib/gcc/arm-none-eabi/6.3.1/thumb/v7e-m\libgcc.a(_arm_muldivdf3.o)
__nedf2                                           c:/program files (x86)/atmel/studio/7.0/toolchain/arm/arm-gnu-toolchain/bin/../lib/gcc/arm-none-eabi/6.3.1/thumb/v7e-m\libgcc.a(_arm_cmpdf2.o)
__preinit_array_end                               c:/program files (x86)/atmel/studio/7.0/toolchain/arm/arm-gnu-toolchain/bin/../lib/gcc/arm-none-eabi/6.3.1/../../../../arm-none-eabi/lib/thumb/v7e-m\libc.a(lib_a-init.o)
__preinit_array_start                             c:/program files (x86)/atmel/studio/7.0/toolchain/arm/arm-gnu-toolchain/bin/../lib/gcc/arm-none-eabi/6.3.1/../../../../arm-none-eabi/lib/thumb/v7e-m\libc.a(lib_a-init.o)
__ram_end__                                       src/ASF/sam/utils/syscalls/gcc/syscalls.o
__register_exitproc                               c:/program files (x86)/atmel/studio/7.0/toolchain/arm/arm-gnu-toolchain/bin/../lib/gcc/arm-none-eabi/6.3.1/../../../../arm-none-eabi/lib/thumb/v7e-m\libc.a(lib_a-__atexit.o)
                                                  c:/program files (x86)/atmel/studio/7.0/toolchain/arm/arm-gnu-toolchain/bin/../lib/gcc/arm-none-eabi/6.3.1/../../../../arm-none-eabi/lib/thumb/v7e-m\libc.a(lib_a-atexit.o)
__register_frame_info                             c:/program files (x86)/atmel/studio/7.0/toolchain/arm/arm-gnu-toolchain/bin/../lib/gcc/arm-none-eabi/6.3.1/thumb/v7e-m/crtbegin.o
__retarget_lock_acquire                           c:/program files (x86)/atmel/studio/7.0/toolchain/arm/arm-gnu-toolchain/bin/../lib/gcc/arm-none-eabi/6.3.1/../../../../arm-none-eabi/lib/thumb/v7e-m\libc.a(lib_a-lock.o)
__retarget_lock_acquire_recursive                 c:/program files (x86)/atmel/studio/7.0/toolchain/arm/arm-gnu-toolchain/bin/../lib/gcc/arm-none-eabi/6.3.1/../../../../arm-none-eabi/lib/thumb/v7e-m\libc.a(lib_a-lock.o)
                                                  c:/program files (x86)/atmel/studio/7.0/toolchain/arm/arm-gnu-toolchain/bin/../lib/gcc/arm-none-eabi/6.3.1/../../../../arm-none-eabi/lib/thumb/v7e-m\libc.a(lib_a-__atexit.o)
                                                  c:/program files (x86)/atmel/studio/7.0/toolchain/arm/arm-gnu-toolchain/bin/../lib/gcc/arm-none-eabi/6.3.1/../../../../arm-none-eabi/lib/thumb/v7e-m\libc.a(lib_a-__call_atexit.o)
__retarget_lock_close                             c:/program files (x86)/atmel/studio/7.0/toolchain/arm/arm-gnu-toolchain/bin/../lib/gcc/arm-none-eabi/6.3.1/../../../../arm-none-eabi/lib/thumb/v7e-m\libc.a(lib_a-lock.o)
__retarget_lock_close_recursive                   c:/program files (x86)/atmel/studio/7.0/toolchain/arm/arm-gnu-toolchain/bin/../lib/gcc/arm-none-eabi/6.3.1/../../../../arm-none-eabi/lib/thumb/v7e-m\libc.a(lib_a-lock.o)
__retarget_lock_init                              c:/program files (x86)/atmel/studio/7.0/toolchain/arm/arm-gnu-toolchain/bin/../lib/gcc/arm-none-eabi/6.3.1/../../../../arm-none-eabi/lib/thumb/v7e-m\libc.a(lib_a-lock.o)
__retarget_lock_init_recursive                    c:/program files (x86)/atmel/studio/7.0/toolchain/arm/arm-gnu-toolchain/bin/../lib/gcc/arm-none-eabi/6.3.1/../../../../arm-none-eabi/lib/thumb/v7e-m\libc.a(lib_a-lock.o)
__retarget_lock_release                           c:/program files (x86)/atmel/studio/7.0/toolchain/arm/arm-gnu-toolchain/bin/../lib/gcc/arm-none-eabi/6.3.1/../../../../arm-none-eabi/lib/thumb/v7e-m\libc.a(lib_a-lock.o)
__retarget_lock_release_recursive                 c:/program files (x86)/atmel/studio/7.0/toolchain/arm/arm-gnu-toolchain/bin/../lib/gcc/arm-none-eabi/6.3.1/../../../../arm-none-eabi/lib/thumb/v7e-m\libc.a(lib_a-lock.o)
                                                  c:/program files (x86)/atmel/studio/7.0/toolchain/arm/arm-gnu-toolchain/bin/../lib/gcc/arm-none-eabi/6.3.1/../../../../arm-none-eabi/lib/thumb/v7e-m\libc.a(lib_a-__atexit.o)
                                                  c:/program files (x86)/atmel/studio/7.0/toolchain/arm/arm-gnu-toolchain/bin/../lib/gcc/arm-none-eabi/6.3.1/../../../../arm-none-eabi/lib/thumb/v7e-m\libc.a(lib_a-__call_atexit.o)
__retarget_lock_try_acquire                       c:/program files (x86)/atmel/studio/7.0/toolchain/arm/arm-gnu-toolchain/bin/../lib/gcc/arm-none-eabi/6.3.1/../../../../arm-none-eabi/lib/thumb/v7e-m\libc.a(lib_a-lock.o)
__retarget_lock_try_acquire_recursive             c:/program files (x86)/atmel/studio/7.0/toolchain/arm/arm-gnu-toolchain/bin/../lib/gcc/arm-none-eabi/6.3.1/../../../../arm-none-eabi/lib/thumb/v7e-m\libc.a(lib_a-lock.o)
__stack                                           c:/program files (x86)/atmel/studio/7.0/toolchain/arm/arm-gnu-toolchain/bin/../lib/gcc/arm-none-eabi/6.3.1/../../../../arm-none-eabi/lib/thumb/v7e-m/crt0.o
__subdf3                                          c:/program files (x86)/atmel/studio/7.0/toolchain/arm/arm-gnu-toolchain/bin/../lib/gcc/arm-none-eabi/6.3.1/thumb/v7e-m\libgcc.a(_arm_addsubdf3.o)
__udivmoddi4                                      c:/program files (x86)/atmel/studio/7.0/toolchain/arm/arm-gnu-toolchain/bin/../lib/gcc/arm-none-eabi/6.3.1/thumb/v7e-m\libgcc.a(_udivmoddi4.o)
                                                  c:/program files (x86)/atmel/studio/7.0/toolchain/arm/arm-gnu-toolchain/bin/../lib/gcc/arm-none-eabi/6.3.1/thumb/v7e-m\libgcc.a(_aeabi_uldivmod.o)
_close                                            src/ASF/sam/utils/syscalls/gcc/syscalls.o
_end                                              src/ASF/sam/utils/syscalls/gcc/syscalls.o
_erelocate                                        src/ASF/sam/utils/cmsis/same70/source/templates/gcc/startup_same70.o
_estack                                           src/ASF/sam/utils/cmsis/same70/source/templates/gcc/startup_same70.o
_etext                                            src/ASF/sam/utils/cmsis/same70/source/templates/gcc/startup_same70.o
_exit                                             src/ASF/sam/utils/syscalls/gcc/syscalls.o
                                                  c:/program files (x86)/atmel/studio/7.0/toolchain/arm/arm-gnu-toolchain/bin/../lib/gcc/arm-none-eabi/6.3.1/../../../../arm-none-eabi/lib/thumb/v7e-m\libc.a(lib_a-exit.o)
_ezero                                            src/ASF/sam/utils/cmsis/same70/source/templates/gcc/startup_same70.o
_fini                                             c:/program files (x86)/atmel/studio/7.0/toolchain/arm/arm-gnu-toolchain/bin/../lib/gcc/arm-none-eabi/6.3.1/thumb/v7e-m/crti.o
                                                  c:/program files (x86)/atmel/studio/7.0/toolchain/arm/arm-gnu-toolchain/bin/../lib/gcc/arm-none-eabi/6.3.1/../../../../arm-none-eabi/lib/thumb/v7e-m\libc.a(lib_a-fini.o)
_fstat                                            src/ASF/sam/utils/syscalls/gcc/syscalls.o
_getpid                                           src/ASF/sam/utils/syscalls/gcc/syscalls.o
_global_impure_ptr                                c:/program files (x86)/atmel/studio/7.0/toolchain/arm/arm-gnu-toolchain/bin/../lib/gcc/arm-none-eabi/6.3.1/../../../../arm-none-eabi/lib/thumb/v7e-m\libc.a(lib_a-impure.o)
                                                  c:/program files (x86)/atmel/studio/7.0/toolchain/arm/arm-gnu-toolchain/bin/../lib/gcc/arm-none-eabi/6.3.1/../../../../arm-none-eabi/lib/thumb/v7e-m\libc.a(lib_a-__atexit.o)
                                                  c:/program files (x86)/atmel/studio/7.0/toolchain/arm/arm-gnu-toolchain/bin/../lib/gcc/arm-none-eabi/6.3.1/../../../../arm-none-eabi/lib/thumb/v7e-m\libc.a(lib_a-__call_atexit.o)
                                                  c:/program files (x86)/atmel/studio/7.0/toolchain/arm/arm-gnu-toolchain/bin/../lib/gcc/arm-none-eabi/6.3.1/../../../../arm-none-eabi/lib/thumb/v7e-m\libc.a(lib_a-exit.o)
_impure_ptr                                       c:/program files (x86)/atmel/studio/7.0/toolchain/arm/arm-gnu-toolchain/bin/../lib/gcc/arm-none-eabi/6.3.1/../../../../arm-none-eabi/lib/thumb/v7e-m\libc.a(lib_a-impure.o)
_init                                             c:/program files (x86)/atmel/studio/7.0/toolchain/arm/arm-gnu-toolchain/bin/../lib/gcc/arm-none-eabi/6.3.1/thumb/v7e-m/crti.o
                                                  c:/program files (x86)/atmel/studio/7.0/toolchain/arm/arm-gnu-toolchain/bin/../lib/gcc/arm-none-eabi/6.3.1/../../../../arm-none-eabi/lib/thumb/v7e-m\libc.a(lib_a-init.o)
_isatty                                           src/ASF/sam/utils/syscalls/gcc/syscalls.o
_kill                                             src/ASF/sam/utils/syscalls/gcc/syscalls.o
_lseek                                            src/ASF/sam/utils/syscalls/gcc/syscalls.o
_mainCRTStartup                                   c:/program files (x86)/atmel/studio/7.0/toolchain/arm/arm-gnu-toolchain/bin/../lib/gcc/arm-none-eabi/6.3.1/../../../../arm-none-eabi/lib/thumb/v7e-m/crt0.o
_sbrk                                             src/ASF/sam/utils/syscalls/gcc/syscalls.o
_sfixed                                           src/ASF/sam/utils/cmsis/same70/source/templates/gcc/startup_same70.o
_srelocate                                        src/ASF/sam/utils/cmsis/same70/source/templates/gcc/startup_same70.o
_start                                            c:/program files (x86)/atmel/studio/7.0/toolchain/arm/arm-gnu-toolchain/bin/../lib/gcc/arm-none-eabi/6.3.1/../../../../arm-none-eabi/lib/thumb/v7e-m/crt0.o
_szero                                            src/ASF/sam/utils/cmsis/same70/source/templates/gcc/startup_same70.o